---
http_interactions:
- request:
    method: post
    uri: https://www.googleapis.com/oauth2/v4/token
    body:
      encoding: ASCII-8BIT
      string: grant_type=urn%3Aietf%3Aparams%3Aoauth%3Agrant-type%3Ajwt-bearer&assertion=eyJhbGciOiJSUzI1NiJ9.eyJpc3MiOiI0NzQ2NTAyNTk5OS1jb21wdXRlQGRldmVsb3Blci5nc2VydmljZWFjY291bnQuY29tIiwiYXVkIjoiaHR0cHM6Ly93d3cuZ29vZ2xlYXBpcy5jb20vb2F1dGgyL3Y0L3Rva2VuIiwiZXhwIjoxNTMzMTcyNDc1LCJpYXQiOjE1MzMxNzIzNTUsInNjb3BlIjoiaHR0cHM6Ly93d3cuZ29vZ2xlYXBpcy5jb20vYXV0aC9jb21wdXRlIn0.sya0fmBXLQ1OTDr8qmvuH1N0JLsEQYxy4y8sxq5L73AYZUNanqzpFQ8oXXDq1ZwwR2GLchQ4g36ZGYcsI9tpf1fB0mSn5UTZZEHyOAzDYW8LWCPyb4f08t1_2x5_C2WVuxBOnHfT-UMxs13qsAjjNzBAq0uKipnCXFq2vHnrzT0bFgt1jD_M1mFMuEn5ONNiHEQPs0o0U26p-Hz7vlWZxtUP3QUl76oO1c_0CHcdsJhf-j7p3u2ZgU9SH-TdQyjSfGFzy8FwYQTrQ3mLmsXX_NTrMKUrgH4qkQcBGaoLdXZxgbXY9nqOyFw_HpiBDbIf42gjOnJYpoCpHAhK6grZ-A
    headers:
      User-Agent:
      - Faraday v0.15.2
      Content-Type:
      - application/x-www-form-urlencoded
      Accept-Encoding:
      - gzip;q=1.0,deflate;q=0.6,identity;q=0.3
      Accept:
      - "*/*"
  response:
    status:
      code: 200
      message: OK
    headers:
      Cache-Control:
      - no-cache, no-store, max-age=0, must-revalidate
      Pragma:
      - no-cache
      Expires:
      - Mon, 01 Jan 1990 00:00:00 GMT
      Date:
      - Thu, 02 Aug 2018 01:13:35 GMT
      Vary:
      - Origin
      - X-Origin
      Content-Type:
      - application/json; charset=UTF-8
      X-Content-Type-Options:
      - nosniff
      X-Frame-Options:
      - SAMEORIGIN
      X-Xss-Protection:
      - 1; mode=block
      Server:
      - GSE
      Transfer-Encoding:
      - chunked
    body:
      encoding: ASCII-8BIT
      string: |
        {
         "access_token": "ya29.c.EloLBqaK8HNNOKQafv-MD4797o0p0BwDJdp0ltl4RqMCRVBshcoQhJRMJVMRekyhj1X5WGVy84skbIzNLzZTG1vv6ATWqVEphFrJOBWWDUy2XVtG8vpzsgRQVsk",
         "token_type": "Bearer",
         "expires_in": 3600
        }
    http_version: 
  recorded_at: Thu, 02 Aug 2018 01:13:35 GMT
- request:
    method: get
    uri: https://www.googleapis.com/compute/v1/projects/personal-graphite-testing/global/networks/mynetwork-subnetwork
    body:
      encoding: US-ASCII
      string: ''
    headers:
      Accept-Encoding:
      - gzip;q=1.0,deflate;q=0.6,identity;q=0.3
      Accept:
      - "*/*"
      User-Agent:
      - GooglePuppetCompute/1.0.0 Puppet/5.3.4 Ruby/2.5.0-p0 (x86_64-linux)
      Host:
      - www.googleapis.com
      Authorization:
      - Bearer ya29.c.EloLBqaK8HNNOKQafv-MD4797o0p0BwDJdp0ltl4RqMCRVBshcoQhJRMJVMRekyhj1X5WGVy84skbIzNLzZTG1vv6ATWqVEphFrJOBWWDUy2XVtG8vpzsgRQVsk
  response:
    status:
      code: 404
      message: Not Found
    headers:
      Vary:
      - Origin
      - X-Origin
      Content-Type:
      - application/json; charset=UTF-8
      Date:
      - Thu, 02 Aug 2018 01:13:35 GMT
      Expires:
      - Thu, 02 Aug 2018 01:13:35 GMT
      Cache-Control:
      - private, max-age=0
      X-Content-Type-Options:
      - nosniff
      X-Frame-Options:
      - SAMEORIGIN
      X-Xss-Protection:
      - 1; mode=block
      Server:
      - GSE
      Transfer-Encoding:
      - chunked
    body:
      encoding: ASCII-8BIT
      string: |
        {
         "error": {
          "errors": [
           {
            "domain": "global",
            "reason": "notFound",
            "message": "The resource 'projects/personal-graphite-testing/global/networks/mynetwork-subnetwork' was not found"
           }
          ],
          "code": 404,
          "message": "The resource 'projects/personal-graphite-testing/global/networks/mynetwork-subnetwork' was not found"
         }
        }
    http_version: 
  recorded_at: Thu, 02 Aug 2018 01:13:35 GMT
- request:
    method: post
    uri: https://www.googleapis.com/oauth2/v4/token
    body:
      encoding: ASCII-8BIT
      string: grant_type=urn%3Aietf%3Aparams%3Aoauth%3Agrant-type%3Ajwt-bearer&assertion=eyJhbGciOiJSUzI1NiJ9.eyJpc3MiOiI0NzQ2NTAyNTk5OS1jb21wdXRlQGRldmVsb3Blci5nc2VydmljZWFjY291bnQuY29tIiwiYXVkIjoiaHR0cHM6Ly93d3cuZ29vZ2xlYXBpcy5jb20vb2F1dGgyL3Y0L3Rva2VuIiwiZXhwIjoxNTMzMTcyNDc1LCJpYXQiOjE1MzMxNzIzNTUsInNjb3BlIjoiaHR0cHM6Ly93d3cuZ29vZ2xlYXBpcy5jb20vYXV0aC9jb21wdXRlIn0.sya0fmBXLQ1OTDr8qmvuH1N0JLsEQYxy4y8sxq5L73AYZUNanqzpFQ8oXXDq1ZwwR2GLchQ4g36ZGYcsI9tpf1fB0mSn5UTZZEHyOAzDYW8LWCPyb4f08t1_2x5_C2WVuxBOnHfT-UMxs13qsAjjNzBAq0uKipnCXFq2vHnrzT0bFgt1jD_M1mFMuEn5ONNiHEQPs0o0U26p-Hz7vlWZxtUP3QUl76oO1c_0CHcdsJhf-j7p3u2ZgU9SH-TdQyjSfGFzy8FwYQTrQ3mLmsXX_NTrMKUrgH4qkQcBGaoLdXZxgbXY9nqOyFw_HpiBDbIf42gjOnJYpoCpHAhK6grZ-A
    headers:
      User-Agent:
      - Faraday v0.15.2
      Content-Type:
      - application/x-www-form-urlencoded
      Accept-Encoding:
      - gzip;q=1.0,deflate;q=0.6,identity;q=0.3
      Accept:
      - "*/*"
  response:
    status:
      code: 200
      message: OK
    headers:
      Cache-Control:
      - no-cache, no-store, max-age=0, must-revalidate
      Pragma:
      - no-cache
      Expires:
      - Mon, 01 Jan 1990 00:00:00 GMT
      Date:
      - Thu, 02 Aug 2018 01:13:35 GMT
      Vary:
      - Origin
      - X-Origin
      Content-Type:
      - application/json; charset=UTF-8
      X-Content-Type-Options:
      - nosniff
      X-Frame-Options:
      - SAMEORIGIN
      X-Xss-Protection:
      - 1; mode=block
      Server:
      - GSE
      Transfer-Encoding:
      - chunked
    body:
      encoding: ASCII-8BIT
      string: |
        {
         "access_token": "ya29.c.EloLBqaK8HNNOKQafv-MD4797o0p0BwDJdp0ltl4RqMCRVBshcoQhJRMJVMRekyhj1X5WGVy84skbIzNLzZTG1vv6ATWqVEphFrJOBWWDUy2XVtG8vpzsgRQVsk",
         "token_type": "Bearer",
         "expires_in": 3600
        }
    http_version: 
  recorded_at: Thu, 02 Aug 2018 01:13:35 GMT
- request:
    method: post
    uri: https://www.googleapis.com/compute/v1/projects/personal-graphite-testing/global/networks
    body:
      encoding: UTF-8
      string: '{"kind":"compute#network","name":"mynetwork-subnetwork","autoCreateSubnetworks":false}'
    headers:
      Accept-Encoding:
      - gzip;q=1.0,deflate;q=0.6,identity;q=0.3
      Accept:
      - "*/*"
      User-Agent:
      - GooglePuppetCompute/1.0.0 Puppet/5.3.4 Ruby/2.5.0-p0 (x86_64-linux)
      Host:
      - www.googleapis.com
      Authorization:
      - Bearer ya29.c.EloLBqaK8HNNOKQafv-MD4797o0p0BwDJdp0ltl4RqMCRVBshcoQhJRMJVMRekyhj1X5WGVy84skbIzNLzZTG1vv6ATWqVEphFrJOBWWDUy2XVtG8vpzsgRQVsk
      Content-Type:
      - application/json
  response:
    status:
      code: 200
      message: OK
    headers:
      Cache-Control:
      - no-cache, no-store, max-age=0, must-revalidate
      Pragma:
      - no-cache
      Expires:
      - Mon, 01 Jan 1990 00:00:00 GMT
      Date:
      - Thu, 02 Aug 2018 01:13:36 GMT
      Vary:
      - Origin
      - X-Origin
      Content-Type:
      - application/json; charset=UTF-8
      X-Content-Type-Options:
      - nosniff
      X-Frame-Options:
      - SAMEORIGIN
      X-Xss-Protection:
      - 1; mode=block
      Server:
      - GSE
      Transfer-Encoding:
      - chunked
    body:
      encoding: ASCII-8BIT
      string: |
        {
         "kind": "compute#operation",
         "id": "3409559480936948816",
         "name": "operation-1533172415423-572698533621a-9ee9129f-7c6e99e7",
         "operationType": "insert",
         "targetLink": "https://www.googleapis.com/compute/v1/projects/personal-graphite-testing/global/networks/mynetwork-subnetwork",
         "targetId": "2200018384539608144",
         "status": "PENDING",
         "user": "47465025999-compute@developer.gserviceaccount.com",
         "progress": 0,
         "insertTime": "2018-08-01T18:13:35.973-07:00",
         "selfLink": "https://www.googleapis.com/compute/v1/projects/personal-graphite-testing/global/operations/operation-1533172415423-572698533621a-9ee9129f-7c6e99e7"
        }
    http_version: 
  recorded_at: Thu, 02 Aug 2018 01:13:36 GMT
- request:
    method: post
    uri: https://www.googleapis.com/oauth2/v4/token
    body:
      encoding: ASCII-8BIT
      string: grant_type=urn%3Aietf%3Aparams%3Aoauth%3Agrant-type%3Ajwt-bearer&assertion=eyJhbGciOiJSUzI1NiJ9.eyJpc3MiOiI0NzQ2NTAyNTk5OS1jb21wdXRlQGRldmVsb3Blci5nc2VydmljZWFjY291bnQuY29tIiwiYXVkIjoiaHR0cHM6Ly93d3cuZ29vZ2xlYXBpcy5jb20vb2F1dGgyL3Y0L3Rva2VuIiwiZXhwIjoxNTMzMTcyNDc3LCJpYXQiOjE1MzMxNzIzNTcsInNjb3BlIjoiaHR0cHM6Ly93d3cuZ29vZ2xlYXBpcy5jb20vYXV0aC9jb21wdXRlIn0.LOkWwkoQbxGozss7cyjEjEM6fsJJLq2SZNHcguLBtkU2IysdsKbgR-rgILq0re8I9Q3kHAYsOUe0pUxKVw8pOmhMuJOTfifhoj9JTcIAZh5NfQ1h7wIl1MUugnoRbrTqW4O0XOfGOXJGc3KEO1yDwOGQlewrNAsa35oGksOOezP9ggb_CIt826lXaWpISNATEBdniHP8e0PSt4bRVDQ23Y_bWG-IoLghDY-qohOINIGbdNXc_JXF3w-kOhRoMY0sW0W5wHgDnE6TxRBSVbgv6evZTcjGPSQZayR1rinL3aTsOrCyYkV-qHZbDPni04hKSr7Z_olnSVj5V4bBwfIFmw
    headers:
      User-Agent:
      - Faraday v0.15.2
      Content-Type:
      - application/x-www-form-urlencoded
      Accept-Encoding:
      - gzip;q=1.0,deflate;q=0.6,identity;q=0.3
      Accept:
      - "*/*"
  response:
    status:
      code: 200
      message: OK
    headers:
      Cache-Control:
      - no-cache, no-store, max-age=0, must-revalidate
      Pragma:
      - no-cache
      Expires:
      - Mon, 01 Jan 1990 00:00:00 GMT
      Date:
      - Thu, 02 Aug 2018 01:13:37 GMT
      Vary:
      - Origin
      - X-Origin
      Content-Type:
      - application/json; charset=UTF-8
      X-Content-Type-Options:
      - nosniff
      X-Frame-Options:
      - SAMEORIGIN
      X-Xss-Protection:
      - 1; mode=block
      Server:
      - GSE
      Transfer-Encoding:
      - chunked
    body:
      encoding: ASCII-8BIT
      string: |
        {
         "access_token": "ya29.c.EloLBt-OO4v3siCUo9NVz1Y830bL1_oTmXOrdwF2FVkXTSZU9sG7c8jT9vF6ONEfRJ7QVldQrtKuvXsWNwq2oKhbYmPW93ScyUrQs-apHIKfBP-2v8QLXJ1vPco",
         "token_type": "Bearer",
         "expires_in": 3600
        }
    http_version: 
  recorded_at: Thu, 02 Aug 2018 01:13:37 GMT
- request:
    method: get
    uri: https://www.googleapis.com/compute/v1/projects/personal-graphite-testing/global/operations/operation-1533172415423-572698533621a-9ee9129f-7c6e99e7
    body:
      encoding: US-ASCII
      string: ''
    headers:
      Accept-Encoding:
      - gzip;q=1.0,deflate;q=0.6,identity;q=0.3
      Accept:
      - "*/*"
      User-Agent:
      - GooglePuppetCompute/1.0.0 Puppet/5.3.4 Ruby/2.5.0-p0 (x86_64-linux)
      Host:
      - www.googleapis.com
      Authorization:
      - Bearer ya29.c.EloLBt-OO4v3siCUo9NVz1Y830bL1_oTmXOrdwF2FVkXTSZU9sG7c8jT9vF6ONEfRJ7QVldQrtKuvXsWNwq2oKhbYmPW93ScyUrQs-apHIKfBP-2v8QLXJ1vPco
  response:
    status:
      code: 200
      message: OK
    headers:
      Expires:
      - Thu, 02 Aug 2018 01:13:37 GMT
      Date:
      - Thu, 02 Aug 2018 01:13:37 GMT
      Cache-Control:
      - private, max-age=0, must-revalidate, no-transform
      Etag:
      - '"7iJMJrfOZvcRkl8GXigwUQaxhks=/3y_TLHaKxxueV0iTPDeCmi5y6EM="'
      Vary:
      - Origin
      - X-Origin
      Content-Type:
      - application/json; charset=UTF-8
      X-Content-Type-Options:
      - nosniff
      X-Frame-Options:
      - SAMEORIGIN
      X-Xss-Protection:
      - 1; mode=block
      Server:
      - GSE
      Transfer-Encoding:
      - chunked
    body:
      encoding: ASCII-8BIT
      string: |
        {
         "kind": "compute#operation",
         "id": "3409559480936948816",
         "name": "operation-1533172415423-572698533621a-9ee9129f-7c6e99e7",
         "operationType": "insert",
         "targetLink": "https://www.googleapis.com/compute/v1/projects/personal-graphite-testing/global/networks/mynetwork-subnetwork",
         "targetId": "2200018384539608144",
         "status": "RUNNING",
         "user": "47465025999-compute@developer.gserviceaccount.com",
         "progress": 0,
         "insertTime": "2018-08-01T18:13:35.973-07:00",
         "startTime": "2018-08-01T18:13:37.050-07:00",
         "selfLink": "https://www.googleapis.com/compute/v1/projects/personal-graphite-testing/global/operations/operation-1533172415423-572698533621a-9ee9129f-7c6e99e7"
        }
    http_version: 
  recorded_at: Thu, 02 Aug 2018 01:13:37 GMT
- request:
    method: post
    uri: https://www.googleapis.com/oauth2/v4/token
    body:
      encoding: ASCII-8BIT
      string: grant_type=urn%3Aietf%3Aparams%3Aoauth%3Agrant-type%3Ajwt-bearer&assertion=eyJhbGciOiJSUzI1NiJ9.eyJpc3MiOiI0NzQ2NTAyNTk5OS1jb21wdXRlQGRldmVsb3Blci5nc2VydmljZWFjY291bnQuY29tIiwiYXVkIjoiaHR0cHM6Ly93d3cuZ29vZ2xlYXBpcy5jb20vb2F1dGgyL3Y0L3Rva2VuIiwiZXhwIjoxNTMzMTcyNDc4LCJpYXQiOjE1MzMxNzIzNTgsInNjb3BlIjoiaHR0cHM6Ly93d3cuZ29vZ2xlYXBpcy5jb20vYXV0aC9jb21wdXRlIn0.kcea7gzyxMYtmck9oMwWVvqvfC_TI_Ha2Nv9G6mHeIsOZ_EakcUEA4Q2dkdT8OzZnKpxI2sdyCIBJnxZw2ru4O7XH6acJ6waZCrtE6geow9qy9zIntsQXQ6-NcwwGTXGAc2INLG2Mlle-PBoOn2tFKcf6NYQhRFTzksNJquDvzX2CK9IE5mTFHXMfbpxO5S9jRXHxK-93M7GurINBzwE8aHT8KbNWBglZmd4ojvSoEKG_pj4DnDo3RBm1Fi7EHZ1GRaCp3Faz5epXaFUqLwiaOCLWA6s74yQ3oKjGptmUMXPrqltTAkLHuciaS6S8XyufyuvWQ0X0DHwMLJ5-d4OOQ
    headers:
      User-Agent:
      - Faraday v0.15.2
      Content-Type:
      - application/x-www-form-urlencoded
      Accept-Encoding:
      - gzip;q=1.0,deflate;q=0.6,identity;q=0.3
      Accept:
      - "*/*"
  response:
    status:
      code: 200
      message: OK
    headers:
      Cache-Control:
      - no-cache, no-store, max-age=0, must-revalidate
      Pragma:
      - no-cache
      Expires:
      - Mon, 01 Jan 1990 00:00:00 GMT
      Date:
      - Thu, 02 Aug 2018 01:13:38 GMT
      Vary:
      - Origin
      - X-Origin
      Content-Type:
      - application/json; charset=UTF-8
      X-Content-Type-Options:
      - nosniff
      X-Frame-Options:
      - SAMEORIGIN
      X-Xss-Protection:
      - 1; mode=block
      Server:
      - GSE
      Transfer-Encoding:
      - chunked
    body:
      encoding: ASCII-8BIT
      string: |
        {
         "access_token": "ya29.c.EloLBj6Jd6xY41LzFTJDNwYtSmdmmFSBj9__oEhw0fpPTRVViWp4PF8NF5NcIWABH1KZwapW2eM2RyF0HSxlIqWBQueG2oFEGaMo5mMnyC_czY8W6SBL89WMuSA",
         "token_type": "Bearer",
         "expires_in": 3600
        }
    http_version: 
  recorded_at: Thu, 02 Aug 2018 01:13:38 GMT
- request:
    method: get
    uri: https://www.googleapis.com/compute/v1/projects/personal-graphite-testing/global/operations/operation-1533172415423-572698533621a-9ee9129f-7c6e99e7
    body:
      encoding: US-ASCII
      string: ''
    headers:
      Accept-Encoding:
      - gzip;q=1.0,deflate;q=0.6,identity;q=0.3
      Accept:
      - "*/*"
      User-Agent:
      - GooglePuppetCompute/1.0.0 Puppet/5.3.4 Ruby/2.5.0-p0 (x86_64-linux)
      Host:
      - www.googleapis.com
      Authorization:
      - Bearer ya29.c.EloLBj6Jd6xY41LzFTJDNwYtSmdmmFSBj9__oEhw0fpPTRVViWp4PF8NF5NcIWABH1KZwapW2eM2RyF0HSxlIqWBQueG2oFEGaMo5mMnyC_czY8W6SBL89WMuSA
  response:
    status:
      code: 200
      message: OK
    headers:
      Expires:
      - Thu, 02 Aug 2018 01:13:38 GMT
      Date:
      - Thu, 02 Aug 2018 01:13:38 GMT
      Cache-Control:
      - private, max-age=0, must-revalidate, no-transform
      Etag:
      - '"n-ef709EPHh1_1kk7w9iHmbk-SA=/RgT5CNl-b4Bjs_iape7a_j9Mv5k="'
      Vary:
      - Origin
      - X-Origin
      Content-Type:
      - application/json; charset=UTF-8
      X-Content-Type-Options:
      - nosniff
      X-Frame-Options:
      - SAMEORIGIN
      X-Xss-Protection:
      - 1; mode=block
      Server:
      - GSE
      Transfer-Encoding:
      - chunked
    body:
      encoding: ASCII-8BIT
      string: |
        {
         "kind": "compute#operation",
         "id": "3409559480936948816",
         "name": "operation-1533172415423-572698533621a-9ee9129f-7c6e99e7",
         "operationType": "insert",
         "targetLink": "https://www.googleapis.com/compute/v1/projects/personal-graphite-testing/global/networks/mynetwork-subnetwork",
         "targetId": "2200018384539608144",
         "status": "RUNNING",
         "user": "47465025999-compute@developer.gserviceaccount.com",
         "progress": 0,
         "insertTime": "2018-08-01T18:13:35.973-07:00",
         "startTime": "2018-08-01T18:13:37.050-07:00",
         "selfLink": "https://www.googleapis.com/compute/v1/projects/personal-graphite-testing/global/operations/operation-1533172415423-572698533621a-9ee9129f-7c6e99e7"
        }
    http_version: 
  recorded_at: Thu, 02 Aug 2018 01:13:38 GMT
- request:
    method: post
    uri: https://www.googleapis.com/oauth2/v4/token
    body:
      encoding: ASCII-8BIT
      string: grant_type=urn%3Aietf%3Aparams%3Aoauth%3Agrant-type%3Ajwt-bearer&assertion=eyJhbGciOiJSUzI1NiJ9.eyJpc3MiOiI0NzQ2NTAyNTk5OS1jb21wdXRlQGRldmVsb3Blci5nc2VydmljZWFjY291bnQuY29tIiwiYXVkIjoiaHR0cHM6Ly93d3cuZ29vZ2xlYXBpcy5jb20vb2F1dGgyL3Y0L3Rva2VuIiwiZXhwIjoxNTMzMTcyNDc5LCJpYXQiOjE1MzMxNzIzNTksInNjb3BlIjoiaHR0cHM6Ly93d3cuZ29vZ2xlYXBpcy5jb20vYXV0aC9jb21wdXRlIn0.HtcJnR_HmEYy1TiTtyxHW4beEcJLPqn3sDhiLuqcBzGxP88u85jR6vEgjTkJKMVtjFF3f75uLk5LCd3Eehj3PU9czQP70C7dYMjbS7RA1MbOK-i-8RrekY7pSCQ21BqOsxMzmJiZdmkV5WnIqxueVJdULrYdvemsnxXUHKsO1B3pIQIBNmjqWuiOOoTQOtuIinPaiebkCzI0mY6HVzf8ZrHT_sXjGPSx1kPXLn23WNyjwdAQHgxL-zWVXw8_J_KmztQF8n7zY0SNYOE1h9fv0HbNhrYTGC-MmpFT3pzb4UQec0BFO2pb7Xd8sJIwipjLyJQat9PnEd0nrL-bBcS9Ow
    headers:
      User-Agent:
      - Faraday v0.15.2
      Content-Type:
      - application/x-www-form-urlencoded
      Accept-Encoding:
      - gzip;q=1.0,deflate;q=0.6,identity;q=0.3
      Accept:
      - "*/*"
  response:
    status:
      code: 200
      message: OK
    headers:
      Cache-Control:
      - no-cache, no-store, max-age=0, must-revalidate
      Pragma:
      - no-cache
      Expires:
      - Mon, 01 Jan 1990 00:00:00 GMT
      Date:
      - Thu, 02 Aug 2018 01:13:39 GMT
      Vary:
      - Origin
      - X-Origin
      Content-Type:
      - application/json; charset=UTF-8
      X-Content-Type-Options:
      - nosniff
      X-Frame-Options:
      - SAMEORIGIN
      X-Xss-Protection:
      - 1; mode=block
      Server:
      - GSE
      Transfer-Encoding:
      - chunked
    body:
      encoding: ASCII-8BIT
      string: |
        {
         "access_token": "ya29.c.EloLBqpnXhnFDXk-A9h-rEMW1zQAmI6lc9NrFjAEaJoHeTUSrqhcfGcP83OfEsM9H06QIBRjL-9F3rzKiBEiOMXCCDVxMVsStskeM3B4Tnb5xP8tSuU0l2nn2Tk",
         "token_type": "Bearer",
         "expires_in": 3600
        }
    http_version: 
  recorded_at: Thu, 02 Aug 2018 01:13:39 GMT
- request:
    method: get
    uri: https://www.googleapis.com/compute/v1/projects/personal-graphite-testing/global/operations/operation-1533172415423-572698533621a-9ee9129f-7c6e99e7
    body:
      encoding: US-ASCII
      string: ''
    headers:
      Accept-Encoding:
      - gzip;q=1.0,deflate;q=0.6,identity;q=0.3
      Accept:
      - "*/*"
      User-Agent:
      - GooglePuppetCompute/1.0.0 Puppet/5.3.4 Ruby/2.5.0-p0 (x86_64-linux)
      Host:
      - www.googleapis.com
      Authorization:
      - Bearer ya29.c.EloLBqpnXhnFDXk-A9h-rEMW1zQAmI6lc9NrFjAEaJoHeTUSrqhcfGcP83OfEsM9H06QIBRjL-9F3rzKiBEiOMXCCDVxMVsStskeM3B4Tnb5xP8tSuU0l2nn2Tk
  response:
    status:
      code: 200
      message: OK
    headers:
      Expires:
      - Thu, 02 Aug 2018 01:13:39 GMT
      Date:
      - Thu, 02 Aug 2018 01:13:39 GMT
      Cache-Control:
      - private, max-age=0, must-revalidate, no-transform
      Etag:
      - '"7wGb7fl09gnyepxn-pMbwsdv4kY=/TJw73fkJKflR0_GJvDP-sS5oDkU="'
      Vary:
      - Origin
      - X-Origin
      Content-Type:
      - application/json; charset=UTF-8
      X-Content-Type-Options:
      - nosniff
      X-Frame-Options:
      - SAMEORIGIN
      X-Xss-Protection:
      - 1; mode=block
      Server:
      - GSE
      Transfer-Encoding:
      - chunked
    body:
      encoding: ASCII-8BIT
      string: |
        {
         "kind": "compute#operation",
         "id": "3409559480936948816",
         "name": "operation-1533172415423-572698533621a-9ee9129f-7c6e99e7",
         "operationType": "insert",
         "targetLink": "https://www.googleapis.com/compute/v1/projects/personal-graphite-testing/global/networks/mynetwork-subnetwork",
         "targetId": "2200018384539608144",
         "status": "RUNNING",
         "user": "47465025999-compute@developer.gserviceaccount.com",
         "progress": 0,
         "insertTime": "2018-08-01T18:13:35.973-07:00",
         "startTime": "2018-08-01T18:13:37.050-07:00",
         "selfLink": "https://www.googleapis.com/compute/v1/projects/personal-graphite-testing/global/operations/operation-1533172415423-572698533621a-9ee9129f-7c6e99e7"
        }
    http_version: 
  recorded_at: Thu, 02 Aug 2018 01:13:39 GMT
- request:
    method: post
    uri: https://www.googleapis.com/oauth2/v4/token
    body:
      encoding: ASCII-8BIT
      string: grant_type=urn%3Aietf%3Aparams%3Aoauth%3Agrant-type%3Ajwt-bearer&assertion=eyJhbGciOiJSUzI1NiJ9.eyJpc3MiOiI0NzQ2NTAyNTk5OS1jb21wdXRlQGRldmVsb3Blci5nc2VydmljZWFjY291bnQuY29tIiwiYXVkIjoiaHR0cHM6Ly93d3cuZ29vZ2xlYXBpcy5jb20vb2F1dGgyL3Y0L3Rva2VuIiwiZXhwIjoxNTMzMTcyNDgwLCJpYXQiOjE1MzMxNzIzNjAsInNjb3BlIjoiaHR0cHM6Ly93d3cuZ29vZ2xlYXBpcy5jb20vYXV0aC9jb21wdXRlIn0.iv2o20GeLrQDEMhVhGTaMekVR0G4egvdoOMSOYZNdd_xRwHF04qXP7sWKE_R6PeUCTA4kuBZ4FqybUR0d58rFrCW1KD_UnKFwQCeCuGBLxPETT3KZlbiF37YWWIlmg-NS-4wMAfwBlDk-9gdXM07MfbsjFXoPiChJCZV2W8X-PWA8FB9ZWAarPJuGMWlbUAu09kpy19PfEHOqrGYVbPC4aognhWvoe2UbIyq3ektUi_dWS3IVlE9xXs_KURDIEeXO87Dz9FA6rneGvz35JUlXcaArw4qDXeJMslAMW2MjutTyJ-Y7u0PTPuGpyfAR0qNYhKfpbc8ViMO6r9JBwCTJg
    headers:
      User-Agent:
      - Faraday v0.15.2
      Content-Type:
      - application/x-www-form-urlencoded
      Accept-Encoding:
      - gzip;q=1.0,deflate;q=0.6,identity;q=0.3
      Accept:
      - "*/*"
  response:
    status:
      code: 200
      message: OK
    headers:
      Cache-Control:
      - no-cache, no-store, max-age=0, must-revalidate
      Pragma:
      - no-cache
      Expires:
      - Mon, 01 Jan 1990 00:00:00 GMT
      Date:
      - Thu, 02 Aug 2018 01:13:40 GMT
      Vary:
      - Origin
      - X-Origin
      Content-Type:
      - application/json; charset=UTF-8
      X-Content-Type-Options:
      - nosniff
      X-Frame-Options:
      - SAMEORIGIN
      X-Xss-Protection:
      - 1; mode=block
      Server:
      - GSE
      Transfer-Encoding:
      - chunked
    body:
      encoding: ASCII-8BIT
      string: |
        {
         "access_token": "ya29.c.EloLBppWjkrvPB-tO_7T7UQbwe9N7GCU5y05UdR6lu_8u6JNxOTLztPMoCwNWZyI-9cG9HSTwFwCJFt0gf52mkD1C_VQEX1rTh3OiOEcZmWTntqdIQaq6yxye-c",
         "token_type": "Bearer",
         "expires_in": 3600
        }
    http_version: 
  recorded_at: Thu, 02 Aug 2018 01:13:40 GMT
- request:
    method: get
    uri: https://www.googleapis.com/compute/v1/projects/personal-graphite-testing/global/operations/operation-1533172415423-572698533621a-9ee9129f-7c6e99e7
    body:
      encoding: US-ASCII
      string: ''
    headers:
      Accept-Encoding:
      - gzip;q=1.0,deflate;q=0.6,identity;q=0.3
      Accept:
      - "*/*"
      User-Agent:
      - GooglePuppetCompute/1.0.0 Puppet/5.3.4 Ruby/2.5.0-p0 (x86_64-linux)
      Host:
      - www.googleapis.com
      Authorization:
      - Bearer ya29.c.EloLBppWjkrvPB-tO_7T7UQbwe9N7GCU5y05UdR6lu_8u6JNxOTLztPMoCwNWZyI-9cG9HSTwFwCJFt0gf52mkD1C_VQEX1rTh3OiOEcZmWTntqdIQaq6yxye-c
  response:
    status:
      code: 200
      message: OK
    headers:
      Expires:
      - Thu, 02 Aug 2018 01:13:41 GMT
      Date:
      - Thu, 02 Aug 2018 01:13:41 GMT
      Cache-Control:
      - private, max-age=0, must-revalidate, no-transform
      Etag:
      - '"bo2DTSNlGb3mNJD5GnSbnjS6b9w=/xbST3ExNSw0B7lqzmov_lq4IcNg="'
      Vary:
      - Origin
      - X-Origin
      Content-Type:
      - application/json; charset=UTF-8
      X-Content-Type-Options:
      - nosniff
      X-Frame-Options:
      - SAMEORIGIN
      X-Xss-Protection:
      - 1; mode=block
      Server:
      - GSE
      Transfer-Encoding:
      - chunked
    body:
      encoding: ASCII-8BIT
      string: |
        {
         "kind": "compute#operation",
         "id": "3409559480936948816",
         "name": "operation-1533172415423-572698533621a-9ee9129f-7c6e99e7",
         "operationType": "insert",
         "targetLink": "https://www.googleapis.com/compute/v1/projects/personal-graphite-testing/global/networks/mynetwork-subnetwork",
         "targetId": "2200018384539608144",
         "status": "RUNNING",
         "user": "47465025999-compute@developer.gserviceaccount.com",
         "progress": 0,
         "insertTime": "2018-08-01T18:13:35.973-07:00",
         "startTime": "2018-08-01T18:13:37.050-07:00",
         "selfLink": "https://www.googleapis.com/compute/v1/projects/personal-graphite-testing/global/operations/operation-1533172415423-572698533621a-9ee9129f-7c6e99e7"
        }
    http_version: 
  recorded_at: Thu, 02 Aug 2018 01:13:41 GMT
- request:
    method: post
    uri: https://www.googleapis.com/oauth2/v4/token
    body:
      encoding: ASCII-8BIT
      string: grant_type=urn%3Aietf%3Aparams%3Aoauth%3Agrant-type%3Ajwt-bearer&assertion=eyJhbGciOiJSUzI1NiJ9.eyJpc3MiOiI0NzQ2NTAyNTk5OS1jb21wdXRlQGRldmVsb3Blci5nc2VydmljZWFjY291bnQuY29tIiwiYXVkIjoiaHR0cHM6Ly93d3cuZ29vZ2xlYXBpcy5jb20vb2F1dGgyL3Y0L3Rva2VuIiwiZXhwIjoxNTMzMTcyNDgyLCJpYXQiOjE1MzMxNzIzNjIsInNjb3BlIjoiaHR0cHM6Ly93d3cuZ29vZ2xlYXBpcy5jb20vYXV0aC9jb21wdXRlIn0.i4zDw6RjtTBA8O8Np58-OOM3bDtLgbd0crb8H_Vv7mM0fQF61UKv1fhLjA3ohN_yLotRXs6uChPGYJ7wA2gi21auGHHlssP41mIgDtKg0x-I44MRXMV9XTtnu8FKwBF582efz3lJvyNuUCVuqRAZtjTSDRIGupebfophnzTcFwQi4QzSoMyx4-LvT5Ktxt_cDc16DOrpOdy7iT5HFiJDO889dsIUJs3LpFxKrRyggVq_5uHzTLKuglHV3oYEx21Xnpu5R-wmNrFf9AuKqDrpB3-W3tMCWacrBXgrf2keu62e4LFyu2fX8kbn8Uv9dWeoDD39UTLcZk-ODTz6O7z0Tw
    headers:
      User-Agent:
      - Faraday v0.15.2
      Content-Type:
      - application/x-www-form-urlencoded
      Accept-Encoding:
      - gzip;q=1.0,deflate;q=0.6,identity;q=0.3
      Accept:
      - "*/*"
  response:
    status:
      code: 200
      message: OK
    headers:
      Cache-Control:
      - no-cache, no-store, max-age=0, must-revalidate
      Pragma:
      - no-cache
      Expires:
      - Mon, 01 Jan 1990 00:00:00 GMT
      Date:
      - Thu, 02 Aug 2018 01:13:42 GMT
      Vary:
      - Origin
      - X-Origin
      Content-Type:
      - application/json; charset=UTF-8
      X-Content-Type-Options:
      - nosniff
      X-Frame-Options:
      - SAMEORIGIN
      X-Xss-Protection:
      - 1; mode=block
      Server:
      - GSE
      Transfer-Encoding:
      - chunked
    body:
      encoding: ASCII-8BIT
      string: |
        {
         "access_token": "ya29.c.EloLBlKHhjrjS4KhDNw_Dk8wKUzz3q0MtyKOOItUtYB06TxZCMkufzbpZ2VRIjiYEmWIxIt7uA6Ji964b7jD5nQmWgYlXmtmtQHfBdX5xvvxHpoq1AazDOwXBss",
         "token_type": "Bearer",
         "expires_in": 3600
        }
    http_version: 
  recorded_at: Thu, 02 Aug 2018 01:13:42 GMT
- request:
    method: get
    uri: https://www.googleapis.com/compute/v1/projects/personal-graphite-testing/global/operations/operation-1533172415423-572698533621a-9ee9129f-7c6e99e7
    body:
      encoding: US-ASCII
      string: ''
    headers:
      Accept-Encoding:
      - gzip;q=1.0,deflate;q=0.6,identity;q=0.3
      Accept:
      - "*/*"
      User-Agent:
      - GooglePuppetCompute/1.0.0 Puppet/5.3.4 Ruby/2.5.0-p0 (x86_64-linux)
      Host:
      - www.googleapis.com
      Authorization:
      - Bearer ya29.c.EloLBlKHhjrjS4KhDNw_Dk8wKUzz3q0MtyKOOItUtYB06TxZCMkufzbpZ2VRIjiYEmWIxIt7uA6Ji964b7jD5nQmWgYlXmtmtQHfBdX5xvvxHpoq1AazDOwXBss
  response:
    status:
      code: 200
      message: OK
    headers:
      Expires:
      - Thu, 02 Aug 2018 01:13:42 GMT
      Date:
      - Thu, 02 Aug 2018 01:13:42 GMT
      Cache-Control:
      - private, max-age=0, must-revalidate, no-transform
      Etag:
      - '"2rhw8JaXco9dPZ2bo2NcAGGuhZU=/zUeJA5_QknmH6Oh6pFsqJeBBlj0="'
      Vary:
      - Origin
      - X-Origin
      Content-Type:
      - application/json; charset=UTF-8
      X-Content-Type-Options:
      - nosniff
      X-Frame-Options:
      - SAMEORIGIN
      X-Xss-Protection:
      - 1; mode=block
      Server:
      - GSE
      Transfer-Encoding:
      - chunked
    body:
      encoding: ASCII-8BIT
      string: |
        {
         "kind": "compute#operation",
         "id": "3409559480936948816",
         "name": "operation-1533172415423-572698533621a-9ee9129f-7c6e99e7",
         "operationType": "insert",
         "targetLink": "https://www.googleapis.com/compute/v1/projects/personal-graphite-testing/global/networks/mynetwork-subnetwork",
         "targetId": "2200018384539608144",
         "status": "RUNNING",
         "user": "47465025999-compute@developer.gserviceaccount.com",
         "progress": 0,
         "insertTime": "2018-08-01T18:13:35.973-07:00",
         "startTime": "2018-08-01T18:13:37.050-07:00",
         "selfLink": "https://www.googleapis.com/compute/v1/projects/personal-graphite-testing/global/operations/operation-1533172415423-572698533621a-9ee9129f-7c6e99e7"
        }
    http_version: 
  recorded_at: Thu, 02 Aug 2018 01:13:42 GMT
- request:
    method: post
    uri: https://www.googleapis.com/oauth2/v4/token
    body:
      encoding: ASCII-8BIT
      string: grant_type=urn%3Aietf%3Aparams%3Aoauth%3Agrant-type%3Ajwt-bearer&assertion=eyJhbGciOiJSUzI1NiJ9.eyJpc3MiOiI0NzQ2NTAyNTk5OS1jb21wdXRlQGRldmVsb3Blci5nc2VydmljZWFjY291bnQuY29tIiwiYXVkIjoiaHR0cHM6Ly93d3cuZ29vZ2xlYXBpcy5jb20vb2F1dGgyL3Y0L3Rva2VuIiwiZXhwIjoxNTMzMTcyNDgzLCJpYXQiOjE1MzMxNzIzNjMsInNjb3BlIjoiaHR0cHM6Ly93d3cuZ29vZ2xlYXBpcy5jb20vYXV0aC9jb21wdXRlIn0.wIAQf34N-3tKju5Mpj1VHMpucyYUJIqVLoIL92dAJMEyY_tcGlbdIati7Pf7YuMgTOTQjrw5YYw3-yaVBluNgWcvuM3h6DV5jzZmXL1UEGXxQJlOH7VeplQW5Nvr96X_hsKKM3DpEve4kiRYZ71qFQlEovzDOgTNVyXX36ZJ0pC2Kni097nnE2SB6YfDV3uzaFau9N_kh3xSYB9us0PqXquQX8dpnjPWva7G-iVfy5aVPPr_0mBUuY-f5M8IOT8Ku8kmjt3g_F3tI2FFTwfpdYgOb3I0cB_onD85b9HLaXO-34cGNizK5j2IciQbcj5tQJAFBA7iAHF8W2lQkFG2AQ
    headers:
      User-Agent:
      - Faraday v0.15.2
      Content-Type:
      - application/x-www-form-urlencoded
      Accept-Encoding:
      - gzip;q=1.0,deflate;q=0.6,identity;q=0.3
      Accept:
      - "*/*"
  response:
    status:
      code: 200
      message: OK
    headers:
      Cache-Control:
      - no-cache, no-store, max-age=0, must-revalidate
      Pragma:
      - no-cache
      Expires:
      - Mon, 01 Jan 1990 00:00:00 GMT
      Date:
      - Thu, 02 Aug 2018 01:13:43 GMT
      Vary:
      - Origin
      - X-Origin
      Content-Type:
      - application/json; charset=UTF-8
      X-Content-Type-Options:
      - nosniff
      X-Frame-Options:
      - SAMEORIGIN
      X-Xss-Protection:
      - 1; mode=block
      Server:
      - GSE
      Transfer-Encoding:
      - chunked
    body:
      encoding: ASCII-8BIT
      string: |
        {
         "access_token": "ya29.c.EloLBoAM4UbXLaydQNOaGcPK48Y6mLnO_bolK1QoDz7nhUm9qM6VWO9ENe8Cq-Qg82muARE4nS5-3br7Vdf36mQFHvkgis0-LYUwsB_2bXvVH2Ch6haRH_mBAd8",
         "token_type": "Bearer",
         "expires_in": 3600
        }
    http_version: 
  recorded_at: Thu, 02 Aug 2018 01:13:43 GMT
- request:
    method: get
    uri: https://www.googleapis.com/compute/v1/projects/personal-graphite-testing/global/operations/operation-1533172415423-572698533621a-9ee9129f-7c6e99e7
    body:
      encoding: US-ASCII
      string: ''
    headers:
      Accept-Encoding:
      - gzip;q=1.0,deflate;q=0.6,identity;q=0.3
      Accept:
      - "*/*"
      User-Agent:
      - GooglePuppetCompute/1.0.0 Puppet/5.3.4 Ruby/2.5.0-p0 (x86_64-linux)
      Host:
      - www.googleapis.com
      Authorization:
      - Bearer ya29.c.EloLBoAM4UbXLaydQNOaGcPK48Y6mLnO_bolK1QoDz7nhUm9qM6VWO9ENe8Cq-Qg82muARE4nS5-3br7Vdf36mQFHvkgis0-LYUwsB_2bXvVH2Ch6haRH_mBAd8
  response:
    status:
      code: 200
      message: OK
    headers:
      Expires:
      - Thu, 02 Aug 2018 01:13:43 GMT
      Date:
      - Thu, 02 Aug 2018 01:13:43 GMT
      Cache-Control:
      - private, max-age=0, must-revalidate, no-transform
      Etag:
      - '"nQHyi_8Cchua2n8g__ayqIvaIAo=/rkK38dgJP5-zJMMOsuwHaNvq8Ps="'
      Vary:
      - Origin
      - X-Origin
      Content-Type:
      - application/json; charset=UTF-8
      X-Content-Type-Options:
      - nosniff
      X-Frame-Options:
      - SAMEORIGIN
      X-Xss-Protection:
      - 1; mode=block
      Server:
      - GSE
      Transfer-Encoding:
      - chunked
    body:
      encoding: ASCII-8BIT
      string: |
        {
         "kind": "compute#operation",
         "id": "3409559480936948816",
         "name": "operation-1533172415423-572698533621a-9ee9129f-7c6e99e7",
         "operationType": "insert",
         "targetLink": "https://www.googleapis.com/compute/v1/projects/personal-graphite-testing/global/networks/mynetwork-subnetwork",
         "targetId": "2200018384539608144",
         "status": "RUNNING",
         "user": "47465025999-compute@developer.gserviceaccount.com",
         "progress": 0,
         "insertTime": "2018-08-01T18:13:35.973-07:00",
         "startTime": "2018-08-01T18:13:37.050-07:00",
         "selfLink": "https://www.googleapis.com/compute/v1/projects/personal-graphite-testing/global/operations/operation-1533172415423-572698533621a-9ee9129f-7c6e99e7"
        }
    http_version: 
  recorded_at: Thu, 02 Aug 2018 01:13:43 GMT
- request:
    method: post
    uri: https://www.googleapis.com/oauth2/v4/token
    body:
      encoding: ASCII-8BIT
      string: grant_type=urn%3Aietf%3Aparams%3Aoauth%3Agrant-type%3Ajwt-bearer&assertion=eyJhbGciOiJSUzI1NiJ9.eyJpc3MiOiI0NzQ2NTAyNTk5OS1jb21wdXRlQGRldmVsb3Blci5nc2VydmljZWFjY291bnQuY29tIiwiYXVkIjoiaHR0cHM6Ly93d3cuZ29vZ2xlYXBpcy5jb20vb2F1dGgyL3Y0L3Rva2VuIiwiZXhwIjoxNTMzMTcyNDg0LCJpYXQiOjE1MzMxNzIzNjQsInNjb3BlIjoiaHR0cHM6Ly93d3cuZ29vZ2xlYXBpcy5jb20vYXV0aC9jb21wdXRlIn0.m72iV1Ya9XnxCYIVXSrH5mGEzKj5CurqC5DwU_VhY4O1NAmzTz3HKPD7mo9Wa5Os1JpoDCeUNdogcN5XnjZcDncQuL93_No51IGuey00H2C5mGm8BnK3qWPE1ds4nVwD252R-eMsggRVUIuxw3gnf-HzmhulYK6asijMPuoDy4bS7K2G8MHeOgNj0Hx5xSsvqMODgsWJJzTbyD0bQ-lMgAWEBDFqjvn8h_6rqbfnAaK5dakkG4q3B_nJag_Mj-4lhTZhVzoU-34POrC76lPdp3qmNccnaXB98G1orJxCKIRGsjMHSBWeZ7ZScEMZNReipyUayTOiM95Q_y7DfDdqfQ
    headers:
      User-Agent:
      - Faraday v0.15.2
      Content-Type:
      - application/x-www-form-urlencoded
      Accept-Encoding:
      - gzip;q=1.0,deflate;q=0.6,identity;q=0.3
      Accept:
      - "*/*"
  response:
    status:
      code: 200
      message: OK
    headers:
      Cache-Control:
      - no-cache, no-store, max-age=0, must-revalidate
      Pragma:
      - no-cache
      Expires:
      - Mon, 01 Jan 1990 00:00:00 GMT
      Date:
      - Thu, 02 Aug 2018 01:13:44 GMT
      Vary:
      - Origin
      - X-Origin
      Content-Type:
      - application/json; charset=UTF-8
      X-Content-Type-Options:
      - nosniff
      X-Frame-Options:
      - SAMEORIGIN
      X-Xss-Protection:
      - 1; mode=block
      Server:
      - GSE
      Transfer-Encoding:
      - chunked
    body:
      encoding: ASCII-8BIT
      string: |
        {
         "access_token": "ya29.c.EloLBovCrGxUkHuwUGL0AKoKE7c0UimZvMD7qVu3yBxj2hbfwHibAFupX8MoamFLcxanHeiu0Go7y94yXvqRye3V8kjUTKul2uoYfPm7lEqCUpp9qLA-4d2PPx4",
         "token_type": "Bearer",
         "expires_in": 3600
        }
    http_version: 
  recorded_at: Thu, 02 Aug 2018 01:13:44 GMT
- request:
    method: get
    uri: https://www.googleapis.com/compute/v1/projects/personal-graphite-testing/global/operations/operation-1533172415423-572698533621a-9ee9129f-7c6e99e7
    body:
      encoding: US-ASCII
      string: ''
    headers:
      Accept-Encoding:
      - gzip;q=1.0,deflate;q=0.6,identity;q=0.3
      Accept:
      - "*/*"
      User-Agent:
      - GooglePuppetCompute/1.0.0 Puppet/5.3.4 Ruby/2.5.0-p0 (x86_64-linux)
      Host:
      - www.googleapis.com
      Authorization:
      - Bearer ya29.c.EloLBovCrGxUkHuwUGL0AKoKE7c0UimZvMD7qVu3yBxj2hbfwHibAFupX8MoamFLcxanHeiu0Go7y94yXvqRye3V8kjUTKul2uoYfPm7lEqCUpp9qLA-4d2PPx4
  response:
    status:
      code: 200
      message: OK
    headers:
      Expires:
      - Thu, 02 Aug 2018 01:13:44 GMT
      Date:
      - Thu, 02 Aug 2018 01:13:44 GMT
      Cache-Control:
      - private, max-age=0, must-revalidate, no-transform
      Etag:
      - '"Q6J9LBy1Fp9nj-fYOgR-Bz7e3mc=/s82YxAt11RJLXGg5pluJGWVqvCE="'
      Vary:
      - Origin
      - X-Origin
      Content-Type:
      - application/json; charset=UTF-8
      X-Content-Type-Options:
      - nosniff
      X-Frame-Options:
      - SAMEORIGIN
      X-Xss-Protection:
      - 1; mode=block
      Server:
      - GSE
      Transfer-Encoding:
      - chunked
    body:
      encoding: ASCII-8BIT
      string: |
        {
         "kind": "compute#operation",
         "id": "3409559480936948816",
         "name": "operation-1533172415423-572698533621a-9ee9129f-7c6e99e7",
         "operationType": "insert",
         "targetLink": "https://www.googleapis.com/compute/v1/projects/personal-graphite-testing/global/networks/mynetwork-subnetwork",
         "targetId": "2200018384539608144",
         "status": "RUNNING",
         "user": "47465025999-compute@developer.gserviceaccount.com",
         "progress": 0,
         "insertTime": "2018-08-01T18:13:35.973-07:00",
         "startTime": "2018-08-01T18:13:37.050-07:00",
         "selfLink": "https://www.googleapis.com/compute/v1/projects/personal-graphite-testing/global/operations/operation-1533172415423-572698533621a-9ee9129f-7c6e99e7"
        }
    http_version: 
  recorded_at: Thu, 02 Aug 2018 01:13:44 GMT
- request:
    method: post
    uri: https://www.googleapis.com/oauth2/v4/token
    body:
      encoding: ASCII-8BIT
      string: grant_type=urn%3Aietf%3Aparams%3Aoauth%3Agrant-type%3Ajwt-bearer&assertion=eyJhbGciOiJSUzI1NiJ9.eyJpc3MiOiI0NzQ2NTAyNTk5OS1jb21wdXRlQGRldmVsb3Blci5nc2VydmljZWFjY291bnQuY29tIiwiYXVkIjoiaHR0cHM6Ly93d3cuZ29vZ2xlYXBpcy5jb20vb2F1dGgyL3Y0L3Rva2VuIiwiZXhwIjoxNTMzMTcyNDg1LCJpYXQiOjE1MzMxNzIzNjUsInNjb3BlIjoiaHR0cHM6Ly93d3cuZ29vZ2xlYXBpcy5jb20vYXV0aC9jb21wdXRlIn0.dRDgyu9uOag6kjltD1o7vLXV8DsviOOJ5vI_Gh_o754wyVD2o1eZCP83daRqfwjkO-XvPCwJViiB7KWdGXtSyn5j_TopT4KjFCDUNAT83G6MzinRMlwmVQvbjhc8vDtAiJqsEukBJeuyq9sUcftLI8vZbulh3eps76lxUMECV5llcVX1ZftWHP7PQ5MemityBtQOU9aKMAFp8Kh0yz9FJV2hsp0vyTVZoeA9QvK6O3NqnaBVFybZkjHmxMG4pbb8cR8nO6ezsPCcpLwFEpDpaN9yDZWJ0CY0YtqkfWk7YqPYC9ZBSPMZ4oBSyBqXjavaaK6R3qJCVta6JaL9HocoSQ
    headers:
      User-Agent:
      - Faraday v0.15.2
      Content-Type:
      - application/x-www-form-urlencoded
      Accept-Encoding:
      - gzip;q=1.0,deflate;q=0.6,identity;q=0.3
      Accept:
      - "*/*"
  response:
    status:
      code: 200
      message: OK
    headers:
      Cache-Control:
      - no-cache, no-store, max-age=0, must-revalidate
      Pragma:
      - no-cache
      Expires:
      - Mon, 01 Jan 1990 00:00:00 GMT
      Date:
      - Thu, 02 Aug 2018 01:13:45 GMT
      Vary:
      - Origin
      - X-Origin
      Content-Type:
      - application/json; charset=UTF-8
      X-Content-Type-Options:
      - nosniff
      X-Frame-Options:
      - SAMEORIGIN
      X-Xss-Protection:
      - 1; mode=block
      Server:
      - GSE
      Transfer-Encoding:
      - chunked
    body:
      encoding: ASCII-8BIT
      string: |
        {
         "access_token": "ya29.c.EloLBkAnF7NWPDB8rxGkvab1gDD6svifkQMUiO6Fe5P_bbrFCnbEogF2JmPELp7HaenukyQJsH9o7s0K3f5CHNvTSc6wOWF8DfzVuiTHIBCukr5y9rtu7L8AJiE",
         "token_type": "Bearer",
         "expires_in": 3600
        }
    http_version: 
  recorded_at: Thu, 02 Aug 2018 01:13:45 GMT
- request:
    method: get
    uri: https://www.googleapis.com/compute/v1/projects/personal-graphite-testing/global/operations/operation-1533172415423-572698533621a-9ee9129f-7c6e99e7
    body:
      encoding: US-ASCII
      string: ''
    headers:
      Accept-Encoding:
      - gzip;q=1.0,deflate;q=0.6,identity;q=0.3
      Accept:
      - "*/*"
      User-Agent:
      - GooglePuppetCompute/1.0.0 Puppet/5.3.4 Ruby/2.5.0-p0 (x86_64-linux)
      Host:
      - www.googleapis.com
      Authorization:
      - Bearer ya29.c.EloLBkAnF7NWPDB8rxGkvab1gDD6svifkQMUiO6Fe5P_bbrFCnbEogF2JmPELp7HaenukyQJsH9o7s0K3f5CHNvTSc6wOWF8DfzVuiTHIBCukr5y9rtu7L8AJiE
  response:
    status:
      code: 200
      message: OK
    headers:
      Expires:
      - Thu, 02 Aug 2018 01:13:46 GMT
      Date:
      - Thu, 02 Aug 2018 01:13:46 GMT
      Cache-Control:
      - private, max-age=0, must-revalidate, no-transform
      Etag:
      - '"p1C5RqiQ03_RYXfa1cPz2jv0Lkw=/T6UpSes2A2AZQBxq8afr2F22wyI="'
      Vary:
      - Origin
      - X-Origin
      Content-Type:
      - application/json; charset=UTF-8
      X-Content-Type-Options:
      - nosniff
      X-Frame-Options:
      - SAMEORIGIN
      X-Xss-Protection:
      - 1; mode=block
      Server:
      - GSE
      Transfer-Encoding:
      - chunked
    body:
      encoding: ASCII-8BIT
      string: |
        {
         "kind": "compute#operation",
         "id": "3409559480936948816",
         "name": "operation-1533172415423-572698533621a-9ee9129f-7c6e99e7",
         "operationType": "insert",
         "targetLink": "https://www.googleapis.com/compute/v1/projects/personal-graphite-testing/global/networks/mynetwork-subnetwork",
         "targetId": "2200018384539608144",
         "status": "RUNNING",
         "user": "47465025999-compute@developer.gserviceaccount.com",
         "progress": 0,
         "insertTime": "2018-08-01T18:13:35.973-07:00",
         "startTime": "2018-08-01T18:13:37.050-07:00",
         "selfLink": "https://www.googleapis.com/compute/v1/projects/personal-graphite-testing/global/operations/operation-1533172415423-572698533621a-9ee9129f-7c6e99e7"
        }
    http_version: 
  recorded_at: Thu, 02 Aug 2018 01:13:46 GMT
- request:
    method: post
    uri: https://www.googleapis.com/oauth2/v4/token
    body:
      encoding: ASCII-8BIT
      string: grant_type=urn%3Aietf%3Aparams%3Aoauth%3Agrant-type%3Ajwt-bearer&assertion=eyJhbGciOiJSUzI1NiJ9.eyJpc3MiOiI0NzQ2NTAyNTk5OS1jb21wdXRlQGRldmVsb3Blci5nc2VydmljZWFjY291bnQuY29tIiwiYXVkIjoiaHR0cHM6Ly93d3cuZ29vZ2xlYXBpcy5jb20vb2F1dGgyL3Y0L3Rva2VuIiwiZXhwIjoxNTMzMTcyNDg3LCJpYXQiOjE1MzMxNzIzNjcsInNjb3BlIjoiaHR0cHM6Ly93d3cuZ29vZ2xlYXBpcy5jb20vYXV0aC9jb21wdXRlIn0.lLJG6v807XHovR8ksKk9fcGwooGNGAkoGJPJerVZPG-FG06Zaq1gJxh5Hhudj4mdZ1VsbEDMNHrWpWT2FV_2g291whGFOoG3xmXRxcv_g98SCcOSqJ_KlIj0hrm7hr7k1SrZqin0f7_grOf7T1rcPT6Qd9oF5dGkX2kgR8EJoMrlYCePua7TzDg_u6xfobdZvALbdrk-qwexYEAcnsm7ZZ6IZFYtBz0OWns4TU2px5wVNPjXEJqQbIEqdl7eqmExuo7QOU0cV91NuIzlF5IM7tnm-_e55AjHlCnJpfmpPBZFtYfWSAb4JEv3L4gubB4kLI3vAgbLfBMBS7WQAnr2Zw
    headers:
      User-Agent:
      - Faraday v0.15.2
      Content-Type:
      - application/x-www-form-urlencoded
      Accept-Encoding:
      - gzip;q=1.0,deflate;q=0.6,identity;q=0.3
      Accept:
      - "*/*"
  response:
    status:
      code: 200
      message: OK
    headers:
      Cache-Control:
      - no-cache, no-store, max-age=0, must-revalidate
      Pragma:
      - no-cache
      Expires:
      - Mon, 01 Jan 1990 00:00:00 GMT
      Date:
      - Thu, 02 Aug 2018 01:13:47 GMT
      Vary:
      - Origin
      - X-Origin
      Content-Type:
      - application/json; charset=UTF-8
      X-Content-Type-Options:
      - nosniff
      X-Frame-Options:
      - SAMEORIGIN
      X-Xss-Protection:
      - 1; mode=block
      Server:
      - GSE
      Transfer-Encoding:
      - chunked
    body:
      encoding: ASCII-8BIT
      string: |
        {
         "access_token": "ya29.c.EloLBkueK8wU1zon6DfzckPirWBB8KFalyNkQAQ4DgOtKuzF6bDvGDCpiRenJqMcOw6oIH11M46eNDpVL4n8xqdERekmBoZYRmpKxJjwVMF4h-cc7ZE3RSj-l5Y",
         "token_type": "Bearer",
         "expires_in": 3600
        }
    http_version: 
  recorded_at: Thu, 02 Aug 2018 01:13:47 GMT
- request:
    method: get
    uri: https://www.googleapis.com/compute/v1/projects/personal-graphite-testing/global/operations/operation-1533172415423-572698533621a-9ee9129f-7c6e99e7
    body:
      encoding: US-ASCII
      string: ''
    headers:
      Accept-Encoding:
      - gzip;q=1.0,deflate;q=0.6,identity;q=0.3
      Accept:
      - "*/*"
      User-Agent:
      - GooglePuppetCompute/1.0.0 Puppet/5.3.4 Ruby/2.5.0-p0 (x86_64-linux)
      Host:
      - www.googleapis.com
      Authorization:
      - Bearer ya29.c.EloLBkueK8wU1zon6DfzckPirWBB8KFalyNkQAQ4DgOtKuzF6bDvGDCpiRenJqMcOw6oIH11M46eNDpVL4n8xqdERekmBoZYRmpKxJjwVMF4h-cc7ZE3RSj-l5Y
  response:
    status:
      code: 200
      message: OK
    headers:
      Expires:
      - Thu, 02 Aug 2018 01:13:47 GMT
      Date:
      - Thu, 02 Aug 2018 01:13:47 GMT
      Cache-Control:
      - private, max-age=0, must-revalidate, no-transform
      Etag:
      - '"0CBvSrwVREYTRO4WV4uUYid8n3c=/Z19BV2fZhyHECV2JUsZxnAMwXiA="'
      Vary:
      - Origin
      - X-Origin
      Content-Type:
      - application/json; charset=UTF-8
      X-Content-Type-Options:
      - nosniff
      X-Frame-Options:
      - SAMEORIGIN
      X-Xss-Protection:
      - 1; mode=block
      Server:
      - GSE
      Transfer-Encoding:
      - chunked
    body:
      encoding: ASCII-8BIT
      string: |
        {
         "kind": "compute#operation",
         "id": "3409559480936948816",
         "name": "operation-1533172415423-572698533621a-9ee9129f-7c6e99e7",
         "operationType": "insert",
         "targetLink": "https://www.googleapis.com/compute/v1/projects/personal-graphite-testing/global/networks/mynetwork-subnetwork",
         "targetId": "2200018384539608144",
         "status": "RUNNING",
         "user": "47465025999-compute@developer.gserviceaccount.com",
         "progress": 0,
         "insertTime": "2018-08-01T18:13:35.973-07:00",
         "startTime": "2018-08-01T18:13:37.050-07:00",
         "selfLink": "https://www.googleapis.com/compute/v1/projects/personal-graphite-testing/global/operations/operation-1533172415423-572698533621a-9ee9129f-7c6e99e7"
        }
    http_version: 
  recorded_at: Thu, 02 Aug 2018 01:13:47 GMT
- request:
    method: post
    uri: https://www.googleapis.com/oauth2/v4/token
    body:
      encoding: ASCII-8BIT
      string: grant_type=urn%3Aietf%3Aparams%3Aoauth%3Agrant-type%3Ajwt-bearer&assertion=eyJhbGciOiJSUzI1NiJ9.eyJpc3MiOiI0NzQ2NTAyNTk5OS1jb21wdXRlQGRldmVsb3Blci5nc2VydmljZWFjY291bnQuY29tIiwiYXVkIjoiaHR0cHM6Ly93d3cuZ29vZ2xlYXBpcy5jb20vb2F1dGgyL3Y0L3Rva2VuIiwiZXhwIjoxNTMzMTcyNDg4LCJpYXQiOjE1MzMxNzIzNjgsInNjb3BlIjoiaHR0cHM6Ly93d3cuZ29vZ2xlYXBpcy5jb20vYXV0aC9jb21wdXRlIn0.HcutCacDR9uOJeES1gIgvFILBWB7pMArdqpWdBeRGo6v7kVKEsWb5v5LcljylqamqrG4Aygt7UaDnYXd7fNKFR42cMNrUrMX4FJSIQEooen57nK3Ug7YND8vfg5aZeb4iimWd80rnPTa5PrSGkkatJwoqCpEfj0-08YksPqa6zRNvoJBuwsSdRr6krbhzLMKPXDvLQP2ldQarXcfzvMuJF4yW1aHSonGCWh1C68Dvn1CrBCn53ajHpnEiVYJMumkaWBUqSAJ109b6opbEkpaLmbKP1y9TfBDau1KhwAAmktnkakhhZoSIm1LZNHtPLDx0KqLPNyFubeo58OaMPxwtA
    headers:
      User-Agent:
      - Faraday v0.15.2
      Content-Type:
      - application/x-www-form-urlencoded
      Accept-Encoding:
      - gzip;q=1.0,deflate;q=0.6,identity;q=0.3
      Accept:
      - "*/*"
  response:
    status:
      code: 200
      message: OK
    headers:
      Cache-Control:
      - no-cache, no-store, max-age=0, must-revalidate
      Pragma:
      - no-cache
      Expires:
      - Mon, 01 Jan 1990 00:00:00 GMT
      Date:
      - Thu, 02 Aug 2018 01:13:48 GMT
      Vary:
      - Origin
      - X-Origin
      Content-Type:
      - application/json; charset=UTF-8
      X-Content-Type-Options:
      - nosniff
      X-Frame-Options:
      - SAMEORIGIN
      X-Xss-Protection:
      - 1; mode=block
      Server:
      - GSE
      Transfer-Encoding:
      - chunked
    body:
      encoding: ASCII-8BIT
      string: |
        {
         "access_token": "ya29.c.EloLBqVfsSdqqOZ9hOdUMBkMNqYUl_NKlTyrCOHS4y53b_CR__6TrALghJHWChtBSEyArCl9_-Gb7GFE7THhL0zwFn0sIcbAMMI70wjtc9ruUMvBl39iAMdIMaQ",
         "token_type": "Bearer",
         "expires_in": 3600
        }
    http_version: 
  recorded_at: Thu, 02 Aug 2018 01:13:48 GMT
- request:
    method: get
    uri: https://www.googleapis.com/compute/v1/projects/personal-graphite-testing/global/operations/operation-1533172415423-572698533621a-9ee9129f-7c6e99e7
    body:
      encoding: US-ASCII
      string: ''
    headers:
      Accept-Encoding:
      - gzip;q=1.0,deflate;q=0.6,identity;q=0.3
      Accept:
      - "*/*"
      User-Agent:
      - GooglePuppetCompute/1.0.0 Puppet/5.3.4 Ruby/2.5.0-p0 (x86_64-linux)
      Host:
      - www.googleapis.com
      Authorization:
      - Bearer ya29.c.EloLBqVfsSdqqOZ9hOdUMBkMNqYUl_NKlTyrCOHS4y53b_CR__6TrALghJHWChtBSEyArCl9_-Gb7GFE7THhL0zwFn0sIcbAMMI70wjtc9ruUMvBl39iAMdIMaQ
  response:
    status:
      code: 200
      message: OK
    headers:
      Expires:
      - Thu, 02 Aug 2018 01:13:48 GMT
      Date:
      - Thu, 02 Aug 2018 01:13:48 GMT
      Cache-Control:
      - private, max-age=0, must-revalidate, no-transform
      Etag:
      - '"4fArl64S-3fnQbPSd3_O-8wGrbc=/IqcXrujgFSw2VCTLUTY2NukPYa4="'
      Vary:
      - Origin
      - X-Origin
      Content-Type:
      - application/json; charset=UTF-8
      X-Content-Type-Options:
      - nosniff
      X-Frame-Options:
      - SAMEORIGIN
      X-Xss-Protection:
      - 1; mode=block
      Server:
      - GSE
      Transfer-Encoding:
      - chunked
    body:
      encoding: ASCII-8BIT
      string: |
        {
         "kind": "compute#operation",
         "id": "3409559480936948816",
         "name": "operation-1533172415423-572698533621a-9ee9129f-7c6e99e7",
         "operationType": "insert",
         "targetLink": "https://www.googleapis.com/compute/v1/projects/personal-graphite-testing/global/networks/mynetwork-subnetwork",
         "targetId": "2200018384539608144",
         "status": "DONE",
         "user": "47465025999-compute@developer.gserviceaccount.com",
         "progress": 100,
         "insertTime": "2018-08-01T18:13:35.973-07:00",
         "startTime": "2018-08-01T18:13:37.050-07:00",
         "endTime": "2018-08-01T18:13:47.893-07:00",
         "selfLink": "https://www.googleapis.com/compute/v1/projects/personal-graphite-testing/global/operations/operation-1533172415423-572698533621a-9ee9129f-7c6e99e7"
        }
    http_version: 
  recorded_at: Thu, 02 Aug 2018 01:13:48 GMT
- request:
    method: post
    uri: https://www.googleapis.com/oauth2/v4/token
    body:
      encoding: ASCII-8BIT
      string: grant_type=urn%3Aietf%3Aparams%3Aoauth%3Agrant-type%3Ajwt-bearer&assertion=eyJhbGciOiJSUzI1NiJ9.eyJpc3MiOiI0NzQ2NTAyNTk5OS1jb21wdXRlQGRldmVsb3Blci5nc2VydmljZWFjY291bnQuY29tIiwiYXVkIjoiaHR0cHM6Ly93d3cuZ29vZ2xlYXBpcy5jb20vb2F1dGgyL3Y0L3Rva2VuIiwiZXhwIjoxNTMzMTcyNDg4LCJpYXQiOjE1MzMxNzIzNjgsInNjb3BlIjoiaHR0cHM6Ly93d3cuZ29vZ2xlYXBpcy5jb20vYXV0aC9jb21wdXRlIn0.HcutCacDR9uOJeES1gIgvFILBWB7pMArdqpWdBeRGo6v7kVKEsWb5v5LcljylqamqrG4Aygt7UaDnYXd7fNKFR42cMNrUrMX4FJSIQEooen57nK3Ug7YND8vfg5aZeb4iimWd80rnPTa5PrSGkkatJwoqCpEfj0-08YksPqa6zRNvoJBuwsSdRr6krbhzLMKPXDvLQP2ldQarXcfzvMuJF4yW1aHSonGCWh1C68Dvn1CrBCn53ajHpnEiVYJMumkaWBUqSAJ109b6opbEkpaLmbKP1y9TfBDau1KhwAAmktnkakhhZoSIm1LZNHtPLDx0KqLPNyFubeo58OaMPxwtA
    headers:
      User-Agent:
      - Faraday v0.15.2
      Content-Type:
      - application/x-www-form-urlencoded
      Accept-Encoding:
      - gzip;q=1.0,deflate;q=0.6,identity;q=0.3
      Accept:
      - "*/*"
  response:
    status:
      code: 200
      message: OK
    headers:
      Cache-Control:
      - no-cache, no-store, max-age=0, must-revalidate
      Pragma:
      - no-cache
      Expires:
      - Mon, 01 Jan 1990 00:00:00 GMT
      Date:
      - Thu, 02 Aug 2018 01:13:48 GMT
      Vary:
      - Origin
      - X-Origin
      Content-Type:
      - application/json; charset=UTF-8
      X-Content-Type-Options:
      - nosniff
      X-Frame-Options:
      - SAMEORIGIN
      X-Xss-Protection:
      - 1; mode=block
      Server:
      - GSE
      Transfer-Encoding:
      - chunked
    body:
      encoding: ASCII-8BIT
      string: |
        {
         "access_token": "ya29.c.EloLBqVfsSdqqOZ9hOdUMBkMNqYUl_NKlTyrCOHS4y53b_CR__6TrALghJHWChtBSEyArCl9_-Gb7GFE7THhL0zwFn0sIcbAMMI70wjtc9ruUMvBl39iAMdIMaQ",
         "token_type": "Bearer",
         "expires_in": 3600
        }
    http_version: 
  recorded_at: Thu, 02 Aug 2018 01:13:48 GMT
- request:
    method: get
    uri: https://www.googleapis.com/compute/v1/projects/personal-graphite-testing/global/networks/mynetwork-subnetwork
    body:
      encoding: US-ASCII
      string: ''
    headers:
      Accept-Encoding:
      - gzip;q=1.0,deflate;q=0.6,identity;q=0.3
      Accept:
      - "*/*"
      User-Agent:
      - GooglePuppetCompute/1.0.0 Puppet/5.3.4 Ruby/2.5.0-p0 (x86_64-linux)
      Host:
      - www.googleapis.com
      Authorization:
      - Bearer ya29.c.EloLBqVfsSdqqOZ9hOdUMBkMNqYUl_NKlTyrCOHS4y53b_CR__6TrALghJHWChtBSEyArCl9_-Gb7GFE7THhL0zwFn0sIcbAMMI70wjtc9ruUMvBl39iAMdIMaQ
  response:
    status:
      code: 200
      message: OK
    headers:
      Expires:
      - Thu, 02 Aug 2018 01:13:48 GMT
      Date:
      - Thu, 02 Aug 2018 01:13:48 GMT
      Cache-Control:
      - private, max-age=0, must-revalidate, no-transform
      Etag:
      - '"qqJIf1S2VgvXFQs7O_5Cwt6DygU=/Z0AYQ1q0n49XhpQMo6stfobHlNY="'
      Vary:
      - Origin
      - X-Origin
      Content-Type:
      - application/json; charset=UTF-8
      X-Content-Type-Options:
      - nosniff
      X-Frame-Options:
      - SAMEORIGIN
      X-Xss-Protection:
      - 1; mode=block
      Server:
      - GSE
      Transfer-Encoding:
      - chunked
    body:
      encoding: ASCII-8BIT
      string: |
        {
         "kind": "compute#network",
         "id": "2200018384539608144",
         "creationTimestamp": "2018-08-01T18:13:35.969-07:00",
         "name": "mynetwork-subnetwork",
         "selfLink": "https://www.googleapis.com/compute/v1/projects/personal-graphite-testing/global/networks/mynetwork-subnetwork",
         "autoCreateSubnetworks": false,
         "routingConfig": {
          "routingMode": "REGIONAL"
         }
        }
    http_version: 
  recorded_at: Thu, 02 Aug 2018 01:13:48 GMT
- request:
    method: post
    uri: https://www.googleapis.com/oauth2/v4/token
    body:
      encoding: ASCII-8BIT
      string: grant_type=urn%3Aietf%3Aparams%3Aoauth%3Agrant-type%3Ajwt-bearer&assertion=eyJhbGciOiJSUzI1NiJ9.eyJpc3MiOiI0NzQ2NTAyNTk5OS1jb21wdXRlQGRldmVsb3Blci5nc2VydmljZWFjY291bnQuY29tIiwiYXVkIjoiaHR0cHM6Ly93d3cuZ29vZ2xlYXBpcy5jb20vb2F1dGgyL3Y0L3Rva2VuIiwiZXhwIjoxNTMzMTcyNDg4LCJpYXQiOjE1MzMxNzIzNjgsInNjb3BlIjoiaHR0cHM6Ly93d3cuZ29vZ2xlYXBpcy5jb20vYXV0aC9jb21wdXRlIn0.HcutCacDR9uOJeES1gIgvFILBWB7pMArdqpWdBeRGo6v7kVKEsWb5v5LcljylqamqrG4Aygt7UaDnYXd7fNKFR42cMNrUrMX4FJSIQEooen57nK3Ug7YND8vfg5aZeb4iimWd80rnPTa5PrSGkkatJwoqCpEfj0-08YksPqa6zRNvoJBuwsSdRr6krbhzLMKPXDvLQP2ldQarXcfzvMuJF4yW1aHSonGCWh1C68Dvn1CrBCn53ajHpnEiVYJMumkaWBUqSAJ109b6opbEkpaLmbKP1y9TfBDau1KhwAAmktnkakhhZoSIm1LZNHtPLDx0KqLPNyFubeo58OaMPxwtA
    headers:
      User-Agent:
      - Faraday v0.15.2
      Content-Type:
      - application/x-www-form-urlencoded
      Accept-Encoding:
      - gzip;q=1.0,deflate;q=0.6,identity;q=0.3
      Accept:
      - "*/*"
  response:
    status:
      code: 200
      message: OK
    headers:
      Cache-Control:
      - no-cache, no-store, max-age=0, must-revalidate
      Pragma:
      - no-cache
      Expires:
      - Mon, 01 Jan 1990 00:00:00 GMT
      Date:
      - Thu, 02 Aug 2018 01:13:48 GMT
      Vary:
      - Origin
      - X-Origin
      Content-Type:
      - application/json; charset=UTF-8
      X-Content-Type-Options:
      - nosniff
      X-Frame-Options:
      - SAMEORIGIN
      X-Xss-Protection:
      - 1; mode=block
      Server:
      - GSE
      Transfer-Encoding:
      - chunked
    body:
      encoding: ASCII-8BIT
      string: |
        {
         "access_token": "ya29.c.EloLBqVfsSdqqOZ9hOdUMBkMNqYUl_NKlTyrCOHS4y53b_CR__6TrALghJHWChtBSEyArCl9_-Gb7GFE7THhL0zwFn0sIcbAMMI70wjtc9ruUMvBl39iAMdIMaQ",
         "token_type": "Bearer",
         "expires_in": 3600
        }
    http_version: 
  recorded_at: Thu, 02 Aug 2018 01:13:48 GMT
- request:
    method: get
    uri: https://www.googleapis.com/compute/v1/projects/personal-graphite-testing/regions/us-west1
    body:
      encoding: US-ASCII
      string: ''
    headers:
      Accept-Encoding:
      - gzip;q=1.0,deflate;q=0.6,identity;q=0.3
      Accept:
      - "*/*"
      User-Agent:
      - GooglePuppetCompute/1.0.0 Puppet/5.3.4 Ruby/2.5.0-p0 (x86_64-linux)
      Host:
      - www.googleapis.com
      Authorization:
      - Bearer ya29.c.EloLBqVfsSdqqOZ9hOdUMBkMNqYUl_NKlTyrCOHS4y53b_CR__6TrALghJHWChtBSEyArCl9_-Gb7GFE7THhL0zwFn0sIcbAMMI70wjtc9ruUMvBl39iAMdIMaQ
  response:
    status:
      code: 200
      message: OK
    headers:
      Expires:
      - Thu, 02 Aug 2018 01:13:48 GMT
      Date:
      - Thu, 02 Aug 2018 01:13:48 GMT
      Cache-Control:
      - private, max-age=0, must-revalidate, no-transform
      Etag:
      - '"WEoVnnM6eFIsZureqoIN_gzo5ZY=/fi4EnNhdNp4365e1uJmB9odrbZg="'
      Vary:
      - Origin
      - X-Origin
      Content-Type:
      - application/json; charset=UTF-8
      X-Content-Type-Options:
      - nosniff
      X-Frame-Options:
      - SAMEORIGIN
      X-Xss-Protection:
      - 1; mode=block
      Server:
      - GSE
      Transfer-Encoding:
      - chunked
    body:
      encoding: ASCII-8BIT
      string: |
        {
         "kind": "compute#region",
         "id": "1210",
         "creationTimestamp": "1969-12-31T16:00:00.000-08:00",
         "name": "us-west1",
         "description": "us-west1",
         "status": "UP",
         "zones": [
          "https://www.googleapis.com/compute/v1/projects/personal-graphite-testing/zones/us-west1-a",
          "https://www.googleapis.com/compute/v1/projects/personal-graphite-testing/zones/us-west1-b",
          "https://www.googleapis.com/compute/v1/projects/personal-graphite-testing/zones/us-west1-c"
         ],
         "quotas": [
          {
           "metric": "CPUS",
           "limit": 72.0,
           "usage": 0.0
          },
          {
           "metric": "DISKS_TOTAL_GB",
           "limit": 40960.0,
           "usage": 0.0
          },
          {
           "metric": "STATIC_ADDRESSES",
           "limit": 21.0,
           "usage": 0.0
          },
          {
           "metric": "IN_USE_ADDRESSES",
           "limit": 69.0,
           "usage": 0.0
          },
          {
           "metric": "SSD_TOTAL_GB",
           "limit": 20480.0,
           "usage": 0.0
          },
          {
           "metric": "LOCAL_SSD_TOTAL_GB",
           "limit": 20000.0,
           "usage": 0.0
          },
          {
           "metric": "INSTANCE_GROUPS",
           "limit": 300.0,
           "usage": 0.0
          },
          {
           "metric": "INSTANCE_GROUP_MANAGERS",
           "limit": 150.0,
           "usage": 0.0
          },
          {
           "metric": "INSTANCES",
           "limit": 720.0,
           "usage": 0.0
          },
          {
           "metric": "AUTOSCALERS",
           "limit": 150.0,
           "usage": 0.0
          },
          {
           "metric": "REGIONAL_AUTOSCALERS",
           "limit": 100.0,
           "usage": 0.0
          },
          {
           "metric": "REGIONAL_INSTANCE_GROUP_MANAGERS",
           "limit": 100.0,
           "usage": 0.0
          },
          {
           "metric": "PREEMPTIBLE_CPUS",
           "limit": 0.0,
           "usage": 0.0
          },
          {
           "metric": "NVIDIA_K80_GPUS",
           "limit": 8.0,
           "usage": 0.0
          },
          {
           "metric": "COMMITMENTS",
           "limit": 0.0,
           "usage": 0.0
          },
          {
           "metric": "INTERNAL_ADDRESSES",
           "limit": 200.0,
           "usage": 0.0
          },
          {
           "metric": "NVIDIA_P100_GPUS",
           "limit": 0.0,
           "usage": 0.0
          },
          {
           "metric": "PREEMPTIBLE_LOCAL_SSD_GB",
           "limit": 0.0,
           "usage": 0.0
          },
          {
           "metric": "PREEMPTIBLE_NVIDIA_K80_GPUS",
           "limit": 0.0,
           "usage": 0.0
          },
          {
           "metric": "PREEMPTIBLE_NVIDIA_P100_GPUS",
           "limit": 0.0,
           "usage": 0.0
          },
          {
           "metric": "NVIDIA_V100_GPUS",
           "limit": 0.0,
           "usage": 0.0
          },
          {
           "metric": "PREEMPTIBLE_NVIDIA_V100_GPUS",
           "limit": 0.0,
           "usage": 0.0
          },
          {
           "metric": "INTERCONNECT_ATTACHMENTS_PER_REGION",
           "limit": 16.0,
           "usage": 0.0
          },
          {
           "metric": "INTERCONNECT_ATTACHMENTS_TOTAL_MBPS",
           "limit": 80000.0,
           "usage": 0.0
          },
          {
           "metric": "RESOURCE_POLICIES",
           "limit": 10.0,
           "usage": 0.0
          },
          {
           "metric": "IN_USE_BACKUP_SCHEDULES",
           "limit": 50.0,
           "usage": 0.0
          }
         ],
         "selfLink": "https://www.googleapis.com/compute/v1/projects/personal-graphite-testing/regions/us-west1"
        }
    http_version: 
  recorded_at: Thu, 02 Aug 2018 01:13:48 GMT
- request:
    method: post
    uri: https://www.googleapis.com/oauth2/v4/token
    body:
      encoding: ASCII-8BIT
      string: grant_type=urn%3Aietf%3Aparams%3Aoauth%3Agrant-type%3Ajwt-bearer&assertion=eyJhbGciOiJSUzI1NiJ9.eyJpc3MiOiI0NzQ2NTAyNTk5OS1jb21wdXRlQGRldmVsb3Blci5nc2VydmljZWFjY291bnQuY29tIiwiYXVkIjoiaHR0cHM6Ly93d3cuZ29vZ2xlYXBpcy5jb20vb2F1dGgyL3Y0L3Rva2VuIiwiZXhwIjoxNTMzMTcyNDg4LCJpYXQiOjE1MzMxNzIzNjgsInNjb3BlIjoiaHR0cHM6Ly93d3cuZ29vZ2xlYXBpcy5jb20vYXV0aC9jb21wdXRlIn0.HcutCacDR9uOJeES1gIgvFILBWB7pMArdqpWdBeRGo6v7kVKEsWb5v5LcljylqamqrG4Aygt7UaDnYXd7fNKFR42cMNrUrMX4FJSIQEooen57nK3Ug7YND8vfg5aZeb4iimWd80rnPTa5PrSGkkatJwoqCpEfj0-08YksPqa6zRNvoJBuwsSdRr6krbhzLMKPXDvLQP2ldQarXcfzvMuJF4yW1aHSonGCWh1C68Dvn1CrBCn53ajHpnEiVYJMumkaWBUqSAJ109b6opbEkpaLmbKP1y9TfBDau1KhwAAmktnkakhhZoSIm1LZNHtPLDx0KqLPNyFubeo58OaMPxwtA
    headers:
      User-Agent:
      - Faraday v0.15.2
      Content-Type:
      - application/x-www-form-urlencoded
      Accept-Encoding:
      - gzip;q=1.0,deflate;q=0.6,identity;q=0.3
      Accept:
      - "*/*"
  response:
    status:
      code: 200
      message: OK
    headers:
      Cache-Control:
      - no-cache, no-store, max-age=0, must-revalidate
      Pragma:
      - no-cache
      Expires:
      - Mon, 01 Jan 1990 00:00:00 GMT
      Date:
      - Thu, 02 Aug 2018 01:13:48 GMT
      Vary:
      - Origin
      - X-Origin
      Content-Type:
      - application/json; charset=UTF-8
      X-Content-Type-Options:
      - nosniff
      X-Frame-Options:
      - SAMEORIGIN
      X-Xss-Protection:
      - 1; mode=block
      Server:
      - GSE
      Transfer-Encoding:
      - chunked
    body:
      encoding: ASCII-8BIT
      string: |
        {
         "access_token": "ya29.c.EloLBqVfsSdqqOZ9hOdUMBkMNqYUl_NKlTyrCOHS4y53b_CR__6TrALghJHWChtBSEyArCl9_-Gb7GFE7THhL0zwFn0sIcbAMMI70wjtc9ruUMvBl39iAMdIMaQ",
         "token_type": "Bearer",
         "expires_in": 3600
        }
    http_version: 
  recorded_at: Thu, 02 Aug 2018 01:13:48 GMT
- request:
    method: get
    uri: https://www.googleapis.com/compute/v1/projects/personal-graphite-testing/regions/us-west1/subnetworks/servers
    body:
      encoding: US-ASCII
      string: ''
    headers:
      Accept-Encoding:
      - gzip;q=1.0,deflate;q=0.6,identity;q=0.3
      Accept:
      - "*/*"
      User-Agent:
      - GooglePuppetCompute/1.0.0 Puppet/5.3.4 Ruby/2.5.0-p0 (x86_64-linux)
      Host:
      - www.googleapis.com
      Authorization:
      - Bearer ya29.c.EloLBqVfsSdqqOZ9hOdUMBkMNqYUl_NKlTyrCOHS4y53b_CR__6TrALghJHWChtBSEyArCl9_-Gb7GFE7THhL0zwFn0sIcbAMMI70wjtc9ruUMvBl39iAMdIMaQ
  response:
    status:
      code: 404
      message: Not Found
    headers:
      Vary:
      - Origin
      - X-Origin
      Content-Type:
      - application/json; charset=UTF-8
      Date:
      - Thu, 02 Aug 2018 01:13:49 GMT
      Expires:
      - Thu, 02 Aug 2018 01:13:49 GMT
      Cache-Control:
      - private, max-age=0
      X-Content-Type-Options:
      - nosniff
      X-Frame-Options:
      - SAMEORIGIN
      X-Xss-Protection:
      - 1; mode=block
      Server:
      - GSE
      Transfer-Encoding:
      - chunked
    body:
      encoding: ASCII-8BIT
      string: |
        {
         "error": {
          "errors": [
           {
            "domain": "global",
            "reason": "notFound",
            "message": "The resource 'projects/personal-graphite-testing/regions/us-west1/subnetworks/servers' was not found"
           }
          ],
          "code": 404,
          "message": "The resource 'projects/personal-graphite-testing/regions/us-west1/subnetworks/servers' was not found"
         }
        }
    http_version: 
  recorded_at: Thu, 02 Aug 2018 01:13:49 GMT
- request:
    method: post
    uri: https://www.googleapis.com/oauth2/v4/token
    body:
      encoding: ASCII-8BIT
      string: grant_type=urn%3Aietf%3Aparams%3Aoauth%3Agrant-type%3Ajwt-bearer&assertion=eyJhbGciOiJSUzI1NiJ9.eyJpc3MiOiI0NzQ2NTAyNTk5OS1jb21wdXRlQGRldmVsb3Blci5nc2VydmljZWFjY291bnQuY29tIiwiYXVkIjoiaHR0cHM6Ly93d3cuZ29vZ2xlYXBpcy5jb20vb2F1dGgyL3Y0L3Rva2VuIiwiZXhwIjoxNTMzMTcyNDg5LCJpYXQiOjE1MzMxNzIzNjksInNjb3BlIjoiaHR0cHM6Ly93d3cuZ29vZ2xlYXBpcy5jb20vYXV0aC9jb21wdXRlIn0.E2HAIGv3kZuPWYldfBusknCBIFZR5LJWNYcugQHvcdewiFM2LKbdB6VQrMRSQef6ZN4zZo9gTdI4pMnwj6dr4RDWXECyljxWutgLQJnYs0VdMrf0cwAysVbgR34k9u-ifru58Nw3LqFjZvnKOKOg5uctkth3BhoCwNyUcgs_QUHYiKP08olsDhiL3BoGuKz5dnloL_0s343WkTWJBw7WODf5-P7ZtjFc9kQffRTX0NF8UXmU5WbzWA95PiMPMtsggI0GdO_EzLCT56AmUp5xez2xPf9j-rdyCegKQwh-un3LuvlqeYofrM8LAeqST4fsnLBPhO-ilcxhHV9sbFeVug
    headers:
      User-Agent:
      - Faraday v0.15.2
      Content-Type:
      - application/x-www-form-urlencoded
      Accept-Encoding:
      - gzip;q=1.0,deflate;q=0.6,identity;q=0.3
      Accept:
      - "*/*"
  response:
    status:
      code: 200
      message: OK
    headers:
      Cache-Control:
      - no-cache, no-store, max-age=0, must-revalidate
      Pragma:
      - no-cache
      Expires:
      - Mon, 01 Jan 1990 00:00:00 GMT
      Date:
      - Thu, 02 Aug 2018 01:13:49 GMT
      Vary:
      - Origin
      - X-Origin
      Content-Type:
      - application/json; charset=UTF-8
      X-Content-Type-Options:
      - nosniff
      X-Frame-Options:
      - SAMEORIGIN
      X-Xss-Protection:
      - 1; mode=block
      Server:
      - GSE
      Transfer-Encoding:
      - chunked
    body:
      encoding: ASCII-8BIT
      string: |
        {
         "access_token": "ya29.c.EloLBm6G4-tAeTH5ogA-LBHm8bPR-aSTRNYq4iQWHTTyFXaQBmIa9sRbLy-mPVgVBnYHzEpMsLuHCG5hOIra5pRQRDsnevc1--0DDK3ZBM5h0LXdx8qaA6lPows",
         "token_type": "Bearer",
         "expires_in": 3600
        }
    http_version: 
  recorded_at: Thu, 02 Aug 2018 01:13:49 GMT
- request:
    method: post
    uri: https://www.googleapis.com/compute/v1/projects/personal-graphite-testing/regions/us-west1/subnetworks
    body:
      encoding: UTF-8
      string: '{"kind":"compute#subnetwork","ipCidrRange":"172.16.0.0/16","name":"servers","network":"https://www.googleapis.com/compute/v1/projects/personal-graphite-testing/global/networks/mynetwork-subnetwork","region":"us-west1"}'
    headers:
      Accept-Encoding:
      - gzip;q=1.0,deflate;q=0.6,identity;q=0.3
      Accept:
      - "*/*"
      User-Agent:
      - GooglePuppetCompute/1.0.0 Puppet/5.3.4 Ruby/2.5.0-p0 (x86_64-linux)
      Host:
      - www.googleapis.com
      Authorization:
      - Bearer ya29.c.EloLBm6G4-tAeTH5ogA-LBHm8bPR-aSTRNYq4iQWHTTyFXaQBmIa9sRbLy-mPVgVBnYHzEpMsLuHCG5hOIra5pRQRDsnevc1--0DDK3ZBM5h0LXdx8qaA6lPows
      Content-Type:
      - application/json
  response:
    status:
      code: 200
      message: OK
    headers:
      Cache-Control:
      - no-cache, no-store, max-age=0, must-revalidate
      Pragma:
      - no-cache
      Expires:
      - Mon, 01 Jan 1990 00:00:00 GMT
      Date:
      - Thu, 02 Aug 2018 01:13:50 GMT
      Vary:
      - Origin
      - X-Origin
      Content-Type:
      - application/json; charset=UTF-8
      X-Content-Type-Options:
      - nosniff
      X-Frame-Options:
      - SAMEORIGIN
      X-Xss-Protection:
      - 1; mode=block
      Server:
      - GSE
      Transfer-Encoding:
      - chunked
    body:
      encoding: ASCII-8BIT
      string: |
        {
         "kind": "compute#operation",
         "id": "4718734219349582882",
         "name": "operation-1533172429169-5726986052169-eff34416-1567700e",
         "operationType": "insert",
         "targetLink": "https://www.googleapis.com/compute/v1/projects/personal-graphite-testing/regions/us-west1/subnetworks/servers",
         "targetId": "4532361457933739042",
         "status": "PENDING",
         "user": "47465025999-compute@developer.gserviceaccount.com",
         "progress": 0,
         "insertTime": "2018-08-01T18:13:50.032-07:00",
         "selfLink": "https://www.googleapis.com/compute/v1/projects/personal-graphite-testing/regions/us-west1/operations/operation-1533172429169-5726986052169-eff34416-1567700e",
         "region": "https://www.googleapis.com/compute/v1/projects/personal-graphite-testing/regions/us-west1"
        }
    http_version: 
  recorded_at: Thu, 02 Aug 2018 01:13:50 GMT
- request:
    method: post
    uri: https://www.googleapis.com/oauth2/v4/token
    body:
      encoding: ASCII-8BIT
      string: grant_type=urn%3Aietf%3Aparams%3Aoauth%3Agrant-type%3Ajwt-bearer&assertion=eyJhbGciOiJSUzI1NiJ9.eyJpc3MiOiI0NzQ2NTAyNTk5OS1jb21wdXRlQGRldmVsb3Blci5nc2VydmljZWFjY291bnQuY29tIiwiYXVkIjoiaHR0cHM6Ly93d3cuZ29vZ2xlYXBpcy5jb20vb2F1dGgyL3Y0L3Rva2VuIiwiZXhwIjoxNTMzMTcyNDkxLCJpYXQiOjE1MzMxNzIzNzEsInNjb3BlIjoiaHR0cHM6Ly93d3cuZ29vZ2xlYXBpcy5jb20vYXV0aC9jb21wdXRlIn0.bxEK4RoisZWPMyii-diMU3xDYud7e-LJezxfPwr2AvVMVaEh0rIKTBRKLzknbz4knyhjGk1OFgU_ekFiQeYPsxEFXpdSTrN191KCeYIcVmVVs0-Aem19sCkKlihjvD_14iNidMXTIRtX_VZcTmx4qG4_MyAXzXEYuo34RS-BA-cE88_oBC-ofbWn1iYCU6PpPIE6ve_oLmeoQDD4nehQRadWb4q5xak3IECYPWm_R8L_WuqhrxYPtir7NP661X9jVQP0owuafI9rSykxPKZflGW5dziGhZoOM8pM4jX1fp8P5znoLJOLUryd9ykyWZnPChzMokdFEIBpFxtf4SLoFw
    headers:
      User-Agent:
      - Faraday v0.15.2
      Content-Type:
      - application/x-www-form-urlencoded
      Accept-Encoding:
      - gzip;q=1.0,deflate;q=0.6,identity;q=0.3
      Accept:
      - "*/*"
  response:
    status:
      code: 200
      message: OK
    headers:
      Content-Type:
      - application/json; charset=utf-8
      Vary:
      - Origin
      - Referer
      - X-Origin
      Date:
      - Thu, 02 Aug 2018 01:13:51 GMT
      Server:
      - ESF
      Cache-Control:
      - private
      X-Xss-Protection:
      - 1; mode=block
      X-Frame-Options:
      - SAMEORIGIN
      X-Content-Type-Options:
      - nosniff
      Transfer-Encoding:
      - chunked
    body:
      encoding: ASCII-8BIT
      string: |-
        {
          "access_token": "ya29.c.EloLBr-XP-k3-qEvgiABOT6UPn6Gc2kF71cyERJLiKy37dRydxjJOJVxUcYAHgmeCe3P6HS-L7EsB9t5dOqiRwfKaGoBHoW-HmW4LcNzaiaRja3VmA7-vTmDOSM",
          "expires_in": 3600,
          "token_type": "Bearer"
        }
    http_version: 
  recorded_at: Thu, 02 Aug 2018 01:13:51 GMT
- request:
    method: get
    uri: https://www.googleapis.com/compute/v1/projects/personal-graphite-testing/regions/us-west1/operations/operation-1533172429169-5726986052169-eff34416-1567700e
    body:
      encoding: US-ASCII
      string: ''
    headers:
      Accept-Encoding:
      - gzip;q=1.0,deflate;q=0.6,identity;q=0.3
      Accept:
      - "*/*"
      User-Agent:
      - GooglePuppetCompute/1.0.0 Puppet/5.3.4 Ruby/2.5.0-p0 (x86_64-linux)
      Host:
      - www.googleapis.com
      Authorization:
      - Bearer ya29.c.EloLBr-XP-k3-qEvgiABOT6UPn6Gc2kF71cyERJLiKy37dRydxjJOJVxUcYAHgmeCe3P6HS-L7EsB9t5dOqiRwfKaGoBHoW-HmW4LcNzaiaRja3VmA7-vTmDOSM
  response:
    status:
      code: 200
      message: OK
    headers:
      Expires:
      - Thu, 02 Aug 2018 01:13:51 GMT
      Date:
      - Thu, 02 Aug 2018 01:13:51 GMT
      Cache-Control:
      - private, max-age=0, must-revalidate, no-transform
      Etag:
      - '"j-ZOvJ1XJB0Hdume11eLeHz-U7w=/beUKxdmcEpBd7T2VtehTFzH0sK0="'
      Vary:
      - Origin
      - X-Origin
      Content-Type:
      - application/json; charset=UTF-8
      X-Content-Type-Options:
      - nosniff
      X-Frame-Options:
      - SAMEORIGIN
      X-Xss-Protection:
      - 1; mode=block
      Server:
      - GSE
      Transfer-Encoding:
      - chunked
    body:
      encoding: ASCII-8BIT
      string: |
        {
         "kind": "compute#operation",
         "id": "4718734219349582882",
         "name": "operation-1533172429169-5726986052169-eff34416-1567700e",
         "operationType": "insert",
         "targetLink": "https://www.googleapis.com/compute/v1/projects/personal-graphite-testing/regions/us-west1/subnetworks/servers",
         "targetId": "4532361457933739042",
         "status": "RUNNING",
         "user": "47465025999-compute@developer.gserviceaccount.com",
         "progress": 0,
         "insertTime": "2018-08-01T18:13:50.032-07:00",
         "startTime": "2018-08-01T18:13:50.762-07:00",
         "selfLink": "https://www.googleapis.com/compute/v1/projects/personal-graphite-testing/regions/us-west1/operations/operation-1533172429169-5726986052169-eff34416-1567700e",
         "region": "https://www.googleapis.com/compute/v1/projects/personal-graphite-testing/regions/us-west1"
        }
    http_version: 
  recorded_at: Thu, 02 Aug 2018 01:13:51 GMT
- request:
    method: post
    uri: https://www.googleapis.com/oauth2/v4/token
    body:
      encoding: ASCII-8BIT
      string: grant_type=urn%3Aietf%3Aparams%3Aoauth%3Agrant-type%3Ajwt-bearer&assertion=eyJhbGciOiJSUzI1NiJ9.eyJpc3MiOiI0NzQ2NTAyNTk5OS1jb21wdXRlQGRldmVsb3Blci5nc2VydmljZWFjY291bnQuY29tIiwiYXVkIjoiaHR0cHM6Ly93d3cuZ29vZ2xlYXBpcy5jb20vb2F1dGgyL3Y0L3Rva2VuIiwiZXhwIjoxNTMzMTcyNDkyLCJpYXQiOjE1MzMxNzIzNzIsInNjb3BlIjoiaHR0cHM6Ly93d3cuZ29vZ2xlYXBpcy5jb20vYXV0aC9jb21wdXRlIn0.HB506iHTDT3OD1LnNLJSCEbwr0orOi7NoFQEAL4fSPzoS2kGqUR8Vha7Iy1DCS9znudFeRwioA_Y2dPudSR3ENl_kYcH8MRRnPmwQs-U1-2G_HiBBuK_D-ayY5YuUW1Uswl9VmQjj2K7rZi3x0c1E4SmhY-YnyTu2bblKNcN3P-xW0zrbr_U4AQ1xf34VFcgiULXIOfELHxYczbJbarvbZjRPHDQmqkkNeesqHFhSdyg1gFH40vT4E1eoQrEKGvk0bF3IaPpIRqh8fIC2oG8cWqlWJU5JyyeA1Pv6PQ8to3owsPs1sGiDIkgObDc8GE_LpWsA0s_xW4AAFHtEVT6nQ
    headers:
      User-Agent:
      - Faraday v0.15.2
      Content-Type:
      - application/x-www-form-urlencoded
      Accept-Encoding:
      - gzip;q=1.0,deflate;q=0.6,identity;q=0.3
      Accept:
      - "*/*"
  response:
    status:
      code: 200
      message: OK
    headers:
      Cache-Control:
      - no-cache, no-store, max-age=0, must-revalidate
      Pragma:
      - no-cache
      Expires:
      - Mon, 01 Jan 1990 00:00:00 GMT
      Date:
      - Thu, 02 Aug 2018 01:13:52 GMT
      Vary:
      - Origin
      - X-Origin
      Content-Type:
      - application/json; charset=UTF-8
      X-Content-Type-Options:
      - nosniff
      X-Frame-Options:
      - SAMEORIGIN
      X-Xss-Protection:
      - 1; mode=block
      Server:
      - GSE
      Transfer-Encoding:
      - chunked
    body:
      encoding: ASCII-8BIT
      string: |
        {
         "access_token": "ya29.c.EloLBsxIY3feh52oYL_vqWx8DDAxOMhLtYCAzj1kzyDsYfbPbl23qT6n4Ag3pinFL0kczjESKt3bb6b5DQJUWKK8c5WpV77VgGUU45qutEgnOehIJD9VSNks-R8",
         "token_type": "Bearer",
         "expires_in": 3600
        }
    http_version: 
  recorded_at: Thu, 02 Aug 2018 01:13:52 GMT
- request:
    method: get
    uri: https://www.googleapis.com/compute/v1/projects/personal-graphite-testing/regions/us-west1/operations/operation-1533172429169-5726986052169-eff34416-1567700e
    body:
      encoding: US-ASCII
      string: ''
    headers:
      Accept-Encoding:
      - gzip;q=1.0,deflate;q=0.6,identity;q=0.3
      Accept:
      - "*/*"
      User-Agent:
      - GooglePuppetCompute/1.0.0 Puppet/5.3.4 Ruby/2.5.0-p0 (x86_64-linux)
      Host:
      - www.googleapis.com
      Authorization:
      - Bearer ya29.c.EloLBsxIY3feh52oYL_vqWx8DDAxOMhLtYCAzj1kzyDsYfbPbl23qT6n4Ag3pinFL0kczjESKt3bb6b5DQJUWKK8c5WpV77VgGUU45qutEgnOehIJD9VSNks-R8
  response:
    status:
      code: 200
      message: OK
    headers:
      Expires:
      - Thu, 02 Aug 2018 01:13:52 GMT
      Date:
      - Thu, 02 Aug 2018 01:13:52 GMT
      Cache-Control:
      - private, max-age=0, must-revalidate, no-transform
      Etag:
      - '"6LjeMvm5xe4kcBTKM2iuNVYh7v0=/oogkoQAaXRkVCR3V9Tjxy3snbnc="'
      Vary:
      - Origin
      - X-Origin
      Content-Type:
      - application/json; charset=UTF-8
      X-Content-Type-Options:
      - nosniff
      X-Frame-Options:
      - SAMEORIGIN
      X-Xss-Protection:
      - 1; mode=block
      Server:
      - GSE
      Transfer-Encoding:
      - chunked
    body:
      encoding: ASCII-8BIT
      string: |
        {
         "kind": "compute#operation",
         "id": "4718734219349582882",
         "name": "operation-1533172429169-5726986052169-eff34416-1567700e",
         "operationType": "insert",
         "targetLink": "https://www.googleapis.com/compute/v1/projects/personal-graphite-testing/regions/us-west1/subnetworks/servers",
         "targetId": "4532361457933739042",
         "status": "RUNNING",
         "user": "47465025999-compute@developer.gserviceaccount.com",
         "progress": 0,
         "insertTime": "2018-08-01T18:13:50.032-07:00",
         "startTime": "2018-08-01T18:13:50.762-07:00",
         "selfLink": "https://www.googleapis.com/compute/v1/projects/personal-graphite-testing/regions/us-west1/operations/operation-1533172429169-5726986052169-eff34416-1567700e",
         "region": "https://www.googleapis.com/compute/v1/projects/personal-graphite-testing/regions/us-west1"
        }
    http_version: 
  recorded_at: Thu, 02 Aug 2018 01:13:52 GMT
- request:
    method: post
    uri: https://www.googleapis.com/oauth2/v4/token
    body:
      encoding: ASCII-8BIT
      string: grant_type=urn%3Aietf%3Aparams%3Aoauth%3Agrant-type%3Ajwt-bearer&assertion=eyJhbGciOiJSUzI1NiJ9.eyJpc3MiOiI0NzQ2NTAyNTk5OS1jb21wdXRlQGRldmVsb3Blci5nc2VydmljZWFjY291bnQuY29tIiwiYXVkIjoiaHR0cHM6Ly93d3cuZ29vZ2xlYXBpcy5jb20vb2F1dGgyL3Y0L3Rva2VuIiwiZXhwIjoxNTMzMTcyNDkzLCJpYXQiOjE1MzMxNzIzNzMsInNjb3BlIjoiaHR0cHM6Ly93d3cuZ29vZ2xlYXBpcy5jb20vYXV0aC9jb21wdXRlIn0.N0ayS8TPaOMR-XDrsVg9ZM4lmbsbqgX-q6cQ7TXixFedDXuVjcNjMlXzRfcq0MGXAEVC1AK-LQkOIysP4Vz491I-rlYjLedIOmH6y1ODBNOeJz5iCdKsTOvzumxde6eihISIG_m8dR8530AP4zVg6uQ3D12feVu7PKiJsUJa1osGL3L4k8y-QWzMUdyDsXr2P-utMgj4Y79YWwlyQWIK4nt67-iZZdB9uF4iBx8IvPw8N2ogqbFX0EoMRddyUdHn-sDmhzY5miWOh20d8F1b0z_5OKgFJ3Z_488Qlyi-N8-Qt4KgUkPUJW_iNl4AFckizUmzC2BAuIHj941bQP8Etw
    headers:
      User-Agent:
      - Faraday v0.15.2
      Content-Type:
      - application/x-www-form-urlencoded
      Accept-Encoding:
      - gzip;q=1.0,deflate;q=0.6,identity;q=0.3
      Accept:
      - "*/*"
  response:
    status:
      code: 200
      message: OK
    headers:
      Cache-Control:
      - no-cache, no-store, max-age=0, must-revalidate
      Pragma:
      - no-cache
      Expires:
      - Mon, 01 Jan 1990 00:00:00 GMT
      Date:
      - Thu, 02 Aug 2018 01:13:53 GMT
      Vary:
      - Origin
      - X-Origin
      Content-Type:
      - application/json; charset=UTF-8
      X-Content-Type-Options:
      - nosniff
      X-Frame-Options:
      - SAMEORIGIN
      X-Xss-Protection:
      - 1; mode=block
      Server:
      - GSE
      Transfer-Encoding:
      - chunked
    body:
      encoding: ASCII-8BIT
      string: |
        {
         "access_token": "ya29.c.EloLBpCgemSkTc7u_LgwXr0Hm1grlIa91A2sZ9QUt9yp7vsF70tddMO7_pTtH3DkSvGwSCTSevoeCJONanoXe5vLKIunlhyqTSZoyndRIIOJMnQXoYwDc_wF34s",
         "token_type": "Bearer",
         "expires_in": 3600
        }
    http_version: 
  recorded_at: Thu, 02 Aug 2018 01:13:53 GMT
- request:
    method: get
    uri: https://www.googleapis.com/compute/v1/projects/personal-graphite-testing/regions/us-west1/operations/operation-1533172429169-5726986052169-eff34416-1567700e
    body:
      encoding: US-ASCII
      string: ''
    headers:
      Accept-Encoding:
      - gzip;q=1.0,deflate;q=0.6,identity;q=0.3
      Accept:
      - "*/*"
      User-Agent:
      - GooglePuppetCompute/1.0.0 Puppet/5.3.4 Ruby/2.5.0-p0 (x86_64-linux)
      Host:
      - www.googleapis.com
      Authorization:
      - Bearer ya29.c.EloLBpCgemSkTc7u_LgwXr0Hm1grlIa91A2sZ9QUt9yp7vsF70tddMO7_pTtH3DkSvGwSCTSevoeCJONanoXe5vLKIunlhyqTSZoyndRIIOJMnQXoYwDc_wF34s
  response:
    status:
      code: 200
      message: OK
    headers:
      Expires:
      - Thu, 02 Aug 2018 01:13:53 GMT
      Date:
      - Thu, 02 Aug 2018 01:13:53 GMT
      Cache-Control:
      - private, max-age=0, must-revalidate, no-transform
      Etag:
      - '"eDJ7MYc2aJj-dMsF-PgiJHHqTg0=/aYFbD23nisBucWf7ysEbzqsXQbI="'
      Vary:
      - Origin
      - X-Origin
      Content-Type:
      - application/json; charset=UTF-8
      X-Content-Type-Options:
      - nosniff
      X-Frame-Options:
      - SAMEORIGIN
      X-Xss-Protection:
      - 1; mode=block
      Server:
      - GSE
      Transfer-Encoding:
      - chunked
    body:
      encoding: ASCII-8BIT
      string: |
        {
         "kind": "compute#operation",
         "id": "4718734219349582882",
         "name": "operation-1533172429169-5726986052169-eff34416-1567700e",
         "operationType": "insert",
         "targetLink": "https://www.googleapis.com/compute/v1/projects/personal-graphite-testing/regions/us-west1/subnetworks/servers",
         "targetId": "4532361457933739042",
         "status": "RUNNING",
         "user": "47465025999-compute@developer.gserviceaccount.com",
         "progress": 0,
         "insertTime": "2018-08-01T18:13:50.032-07:00",
         "startTime": "2018-08-01T18:13:50.762-07:00",
         "selfLink": "https://www.googleapis.com/compute/v1/projects/personal-graphite-testing/regions/us-west1/operations/operation-1533172429169-5726986052169-eff34416-1567700e",
         "region": "https://www.googleapis.com/compute/v1/projects/personal-graphite-testing/regions/us-west1"
        }
    http_version: 
  recorded_at: Thu, 02 Aug 2018 01:13:53 GMT
- request:
    method: post
    uri: https://www.googleapis.com/oauth2/v4/token
    body:
      encoding: ASCII-8BIT
      string: grant_type=urn%3Aietf%3Aparams%3Aoauth%3Agrant-type%3Ajwt-bearer&assertion=eyJhbGciOiJSUzI1NiJ9.eyJpc3MiOiI0NzQ2NTAyNTk5OS1jb21wdXRlQGRldmVsb3Blci5nc2VydmljZWFjY291bnQuY29tIiwiYXVkIjoiaHR0cHM6Ly93d3cuZ29vZ2xlYXBpcy5jb20vb2F1dGgyL3Y0L3Rva2VuIiwiZXhwIjoxNTMzMTcyNDk0LCJpYXQiOjE1MzMxNzIzNzQsInNjb3BlIjoiaHR0cHM6Ly93d3cuZ29vZ2xlYXBpcy5jb20vYXV0aC9jb21wdXRlIn0.p_cEx6g0uGPwWKNNDo8JK77KnbJ6VTMxaYejak2aKFV7kCTyKOmQXXVzN8uj-THWTTazqXEEOCH07z-0Agam_yVcH1pt4ON9vD3Hb5w_VBwr9t8d52m7K5RvDFPDdd1Igw2DNbA2jvvPgbj_ZCa3rEFhjFCq3P2kWBj5R_3UmL8m3ryVKrf0rOG73BZWaU_x89xRSm19Onj7YS9JUNEs8e8NfSh-qvVo0K3uL6iFectt6TgovvGXBr46j5JXKmehqmPnNvL8O8PCFFOeGIPOlmMHNN8vB1cY9yu18ZSFxn4pxr42_d5YdnNUBhxLkUELLtlkIYDtKvgog0VDVpf73g
    headers:
      User-Agent:
      - Faraday v0.15.2
      Content-Type:
      - application/x-www-form-urlencoded
      Accept-Encoding:
      - gzip;q=1.0,deflate;q=0.6,identity;q=0.3
      Accept:
      - "*/*"
  response:
    status:
      code: 200
      message: OK
    headers:
      Cache-Control:
      - no-cache, no-store, max-age=0, must-revalidate
      Pragma:
      - no-cache
      Expires:
      - Mon, 01 Jan 1990 00:00:00 GMT
      Date:
      - Thu, 02 Aug 2018 01:13:54 GMT
      Vary:
      - Origin
      - X-Origin
      Content-Type:
      - application/json; charset=UTF-8
      X-Content-Type-Options:
      - nosniff
      X-Frame-Options:
      - SAMEORIGIN
      X-Xss-Protection:
      - 1; mode=block
      Server:
      - GSE
      Transfer-Encoding:
      - chunked
    body:
      encoding: ASCII-8BIT
      string: |
        {
         "access_token": "ya29.c.EloLBsk-ok48a64W5H0CH5P8dGLzloZTUTbLjfW9svOwCWNbkaFpSyYESy4ouPWwgFT49LR-xep6efY_e2p50Z5FNQGKHMCacgn9hL2NrbFNCmoZW6Dw2EHX0q4",
         "token_type": "Bearer",
         "expires_in": 3600
        }
    http_version: 
  recorded_at: Thu, 02 Aug 2018 01:13:54 GMT
- request:
    method: get
    uri: https://www.googleapis.com/compute/v1/projects/personal-graphite-testing/regions/us-west1/operations/operation-1533172429169-5726986052169-eff34416-1567700e
    body:
      encoding: US-ASCII
      string: ''
    headers:
      Accept-Encoding:
      - gzip;q=1.0,deflate;q=0.6,identity;q=0.3
      Accept:
      - "*/*"
      User-Agent:
      - GooglePuppetCompute/1.0.0 Puppet/5.3.4 Ruby/2.5.0-p0 (x86_64-linux)
      Host:
      - www.googleapis.com
      Authorization:
      - Bearer ya29.c.EloLBsk-ok48a64W5H0CH5P8dGLzloZTUTbLjfW9svOwCWNbkaFpSyYESy4ouPWwgFT49LR-xep6efY_e2p50Z5FNQGKHMCacgn9hL2NrbFNCmoZW6Dw2EHX0q4
  response:
    status:
      code: 200
      message: OK
    headers:
      Expires:
      - Thu, 02 Aug 2018 01:13:55 GMT
      Date:
      - Thu, 02 Aug 2018 01:13:55 GMT
      Cache-Control:
      - private, max-age=0, must-revalidate, no-transform
      Etag:
      - '"R-lmJROjjbuL3z5K19kMy1Fxmco=/McSGJtQ_-MSEm4gSDdT6C6-rhXM="'
      Vary:
      - Origin
      - X-Origin
      Content-Type:
      - application/json; charset=UTF-8
      X-Content-Type-Options:
      - nosniff
      X-Frame-Options:
      - SAMEORIGIN
      X-Xss-Protection:
      - 1; mode=block
      Server:
      - GSE
      Transfer-Encoding:
      - chunked
    body:
      encoding: ASCII-8BIT
      string: |
        {
         "kind": "compute#operation",
         "id": "4718734219349582882",
         "name": "operation-1533172429169-5726986052169-eff34416-1567700e",
         "operationType": "insert",
         "targetLink": "https://www.googleapis.com/compute/v1/projects/personal-graphite-testing/regions/us-west1/subnetworks/servers",
         "targetId": "4532361457933739042",
         "status": "RUNNING",
         "user": "47465025999-compute@developer.gserviceaccount.com",
         "progress": 0,
         "insertTime": "2018-08-01T18:13:50.032-07:00",
         "startTime": "2018-08-01T18:13:50.762-07:00",
         "selfLink": "https://www.googleapis.com/compute/v1/projects/personal-graphite-testing/regions/us-west1/operations/operation-1533172429169-5726986052169-eff34416-1567700e",
         "region": "https://www.googleapis.com/compute/v1/projects/personal-graphite-testing/regions/us-west1"
        }
    http_version: 
  recorded_at: Thu, 02 Aug 2018 01:13:55 GMT
- request:
    method: post
    uri: https://www.googleapis.com/oauth2/v4/token
    body:
      encoding: ASCII-8BIT
      string: grant_type=urn%3Aietf%3Aparams%3Aoauth%3Agrant-type%3Ajwt-bearer&assertion=eyJhbGciOiJSUzI1NiJ9.eyJpc3MiOiI0NzQ2NTAyNTk5OS1jb21wdXRlQGRldmVsb3Blci5nc2VydmljZWFjY291bnQuY29tIiwiYXVkIjoiaHR0cHM6Ly93d3cuZ29vZ2xlYXBpcy5jb20vb2F1dGgyL3Y0L3Rva2VuIiwiZXhwIjoxNTMzMTcyNDk2LCJpYXQiOjE1MzMxNzIzNzYsInNjb3BlIjoiaHR0cHM6Ly93d3cuZ29vZ2xlYXBpcy5jb20vYXV0aC9jb21wdXRlIn0.wPnSsdHqIcnZaxuPScmpf6tgfx55jBnGlsAk5RX70xm4HaiQPBCAmK4rTzeHt1eCg5JlEtI65b88Wvrrp8AD9aQFR72497AJ1QYQc67FQxbg9GPZL-61pgI3VjE39GUUX0J4adiKDL_JAo2lYhc8DvW12M2EJTyz1ANA1FtPqV1Je9SH9JRpj73xjIss84WgNjZTiLAxoddHu-K5vDl73Ee-ddxQLeHBEE82KnWvjoYvvI3jmX7s5qWqM2WePAs8ktHfZso9cyMPuRawFvWNsRTQL9K7pxey04noUIFcBGPJP1xPwQQDTtvWIm5G-mUvL7dODrxMa3Bp_RocarNDrw
    headers:
      User-Agent:
      - Faraday v0.15.2
      Content-Type:
      - application/x-www-form-urlencoded
      Accept-Encoding:
      - gzip;q=1.0,deflate;q=0.6,identity;q=0.3
      Accept:
      - "*/*"
  response:
    status:
      code: 200
      message: OK
    headers:
      Cache-Control:
      - no-cache, no-store, max-age=0, must-revalidate
      Pragma:
      - no-cache
      Expires:
      - Mon, 01 Jan 1990 00:00:00 GMT
      Date:
      - Thu, 02 Aug 2018 01:13:56 GMT
      Vary:
      - Origin
      - X-Origin
      Content-Type:
      - application/json; charset=UTF-8
      X-Content-Type-Options:
      - nosniff
      X-Frame-Options:
      - SAMEORIGIN
      X-Xss-Protection:
      - 1; mode=block
      Server:
      - GSE
      Transfer-Encoding:
      - chunked
    body:
      encoding: ASCII-8BIT
      string: |
        {
         "access_token": "ya29.c.EloLBjDa92HkvHfLf5TswILzDWqlLSaeGjW5T8pBgwVjR9H31Q9g59B01W7KSO8MWJnVfsk1VUG5qY_mvep3-Rx34eA0aU72NXnOUU6DjJO33wFD8runmEPk59o",
         "token_type": "Bearer",
         "expires_in": 3600
        }
    http_version: 
  recorded_at: Thu, 02 Aug 2018 01:13:56 GMT
- request:
    method: get
    uri: https://www.googleapis.com/compute/v1/projects/personal-graphite-testing/regions/us-west1/operations/operation-1533172429169-5726986052169-eff34416-1567700e
    body:
      encoding: US-ASCII
      string: ''
    headers:
      Accept-Encoding:
      - gzip;q=1.0,deflate;q=0.6,identity;q=0.3
      Accept:
      - "*/*"
      User-Agent:
      - GooglePuppetCompute/1.0.0 Puppet/5.3.4 Ruby/2.5.0-p0 (x86_64-linux)
      Host:
      - www.googleapis.com
      Authorization:
      - Bearer ya29.c.EloLBjDa92HkvHfLf5TswILzDWqlLSaeGjW5T8pBgwVjR9H31Q9g59B01W7KSO8MWJnVfsk1VUG5qY_mvep3-Rx34eA0aU72NXnOUU6DjJO33wFD8runmEPk59o
  response:
    status:
      code: 200
      message: OK
    headers:
      Expires:
      - Thu, 02 Aug 2018 01:13:56 GMT
      Date:
      - Thu, 02 Aug 2018 01:13:56 GMT
      Cache-Control:
      - private, max-age=0, must-revalidate, no-transform
      Etag:
      - '"kY4obHCf38zkCchiLq3tCqqkuiM=/f-e0FoBiYW51xy1jXm2VOXMv_SQ="'
      Vary:
      - Origin
      - X-Origin
      Content-Type:
      - application/json; charset=UTF-8
      X-Content-Type-Options:
      - nosniff
      X-Frame-Options:
      - SAMEORIGIN
      X-Xss-Protection:
      - 1; mode=block
      Server:
      - GSE
      Transfer-Encoding:
      - chunked
    body:
      encoding: ASCII-8BIT
      string: |
        {
         "kind": "compute#operation",
         "id": "4718734219349582882",
         "name": "operation-1533172429169-5726986052169-eff34416-1567700e",
         "operationType": "insert",
         "targetLink": "https://www.googleapis.com/compute/v1/projects/personal-graphite-testing/regions/us-west1/subnetworks/servers",
         "targetId": "4532361457933739042",
         "status": "RUNNING",
         "user": "47465025999-compute@developer.gserviceaccount.com",
         "progress": 0,
         "insertTime": "2018-08-01T18:13:50.032-07:00",
         "startTime": "2018-08-01T18:13:50.762-07:00",
         "selfLink": "https://www.googleapis.com/compute/v1/projects/personal-graphite-testing/regions/us-west1/operations/operation-1533172429169-5726986052169-eff34416-1567700e",
         "region": "https://www.googleapis.com/compute/v1/projects/personal-graphite-testing/regions/us-west1"
        }
    http_version: 
  recorded_at: Thu, 02 Aug 2018 01:13:56 GMT
- request:
    method: post
    uri: https://www.googleapis.com/oauth2/v4/token
    body:
      encoding: ASCII-8BIT
      string: grant_type=urn%3Aietf%3Aparams%3Aoauth%3Agrant-type%3Ajwt-bearer&assertion=eyJhbGciOiJSUzI1NiJ9.eyJpc3MiOiI0NzQ2NTAyNTk5OS1jb21wdXRlQGRldmVsb3Blci5nc2VydmljZWFjY291bnQuY29tIiwiYXVkIjoiaHR0cHM6Ly93d3cuZ29vZ2xlYXBpcy5jb20vb2F1dGgyL3Y0L3Rva2VuIiwiZXhwIjoxNTMzMTcyNDk3LCJpYXQiOjE1MzMxNzIzNzcsInNjb3BlIjoiaHR0cHM6Ly93d3cuZ29vZ2xlYXBpcy5jb20vYXV0aC9jb21wdXRlIn0.CgOotvHL6UST6ieMLDzPmAQii1ByMs1OGjaJ2EM2oUNlyw2RQQKT9YZBN5X5qcUqgAPOk0BsWjZqlhd9ip8KbkRM7fDgd_ZoGyDGvutSInAUBdpUGWR6LkB9aWFH8FQVxixq_o9A71EoBmkSKW-M-oexp4jN3YOsMlbWf6NUfDM_OV4hbQkvQjsmMc04lN0h_OzdHZ04Ey5EYqqsiIFl6GircFFIAM1VrkpNSp11_x5g7UFOkhUduZBB_OM6b8Dc3MttG-PNy_6bzjo15vwXJfQbmKY6UEpKr_E8ju3A9Anb6_EHshn3oSZ6pW7MjxQ1k_wgDP-pNSZFuDtfhB_o9w
    headers:
      User-Agent:
      - Faraday v0.15.2
      Content-Type:
      - application/x-www-form-urlencoded
      Accept-Encoding:
      - gzip;q=1.0,deflate;q=0.6,identity;q=0.3
      Accept:
      - "*/*"
  response:
    status:
      code: 200
      message: OK
    headers:
      Cache-Control:
      - no-cache, no-store, max-age=0, must-revalidate
      Pragma:
      - no-cache
      Expires:
      - Mon, 01 Jan 1990 00:00:00 GMT
      Date:
      - Thu, 02 Aug 2018 01:13:57 GMT
      Vary:
      - Origin
      - X-Origin
      Content-Type:
      - application/json; charset=UTF-8
      X-Content-Type-Options:
      - nosniff
      X-Frame-Options:
      - SAMEORIGIN
      X-Xss-Protection:
      - 1; mode=block
      Server:
      - GSE
      Transfer-Encoding:
      - chunked
    body:
      encoding: ASCII-8BIT
      string: |
        {
         "access_token": "ya29.c.EloLBlOhTz7GfXRD83aix_URpKuaKbnPrhPEy23dcxPJaHTuUT81X_SRy73NRydBwPM51xROgQJCmPJw-nHfiH19radbKmohXx8HlBOWSTGJBZq5trmKTH6tWwU",
         "token_type": "Bearer",
         "expires_in": 3600
        }
    http_version: 
  recorded_at: Thu, 02 Aug 2018 01:13:57 GMT
- request:
    method: get
    uri: https://www.googleapis.com/compute/v1/projects/personal-graphite-testing/regions/us-west1/operations/operation-1533172429169-5726986052169-eff34416-1567700e
    body:
      encoding: US-ASCII
      string: ''
    headers:
      Accept-Encoding:
      - gzip;q=1.0,deflate;q=0.6,identity;q=0.3
      Accept:
      - "*/*"
      User-Agent:
      - GooglePuppetCompute/1.0.0 Puppet/5.3.4 Ruby/2.5.0-p0 (x86_64-linux)
      Host:
      - www.googleapis.com
      Authorization:
      - Bearer ya29.c.EloLBlOhTz7GfXRD83aix_URpKuaKbnPrhPEy23dcxPJaHTuUT81X_SRy73NRydBwPM51xROgQJCmPJw-nHfiH19radbKmohXx8HlBOWSTGJBZq5trmKTH6tWwU
  response:
    status:
      code: 200
      message: OK
    headers:
      Expires:
      - Thu, 02 Aug 2018 01:13:57 GMT
      Date:
      - Thu, 02 Aug 2018 01:13:57 GMT
      Cache-Control:
      - private, max-age=0, must-revalidate, no-transform
      Etag:
      - '"jZkWVdOAadk3NJ7s37QVUSj_L3I=/IcdSX8jISorKaT8uph7V7HRyMzU="'
      Vary:
      - Origin
      - X-Origin
      Content-Type:
      - application/json; charset=UTF-8
      X-Content-Type-Options:
      - nosniff
      X-Frame-Options:
      - SAMEORIGIN
      X-Xss-Protection:
      - 1; mode=block
      Server:
      - GSE
      Transfer-Encoding:
      - chunked
    body:
      encoding: ASCII-8BIT
      string: |
        {
         "kind": "compute#operation",
         "id": "4718734219349582882",
         "name": "operation-1533172429169-5726986052169-eff34416-1567700e",
         "operationType": "insert",
         "targetLink": "https://www.googleapis.com/compute/v1/projects/personal-graphite-testing/regions/us-west1/subnetworks/servers",
         "targetId": "4532361457933739042",
         "status": "RUNNING",
         "user": "47465025999-compute@developer.gserviceaccount.com",
         "progress": 0,
         "insertTime": "2018-08-01T18:13:50.032-07:00",
         "startTime": "2018-08-01T18:13:50.762-07:00",
         "selfLink": "https://www.googleapis.com/compute/v1/projects/personal-graphite-testing/regions/us-west1/operations/operation-1533172429169-5726986052169-eff34416-1567700e",
         "region": "https://www.googleapis.com/compute/v1/projects/personal-graphite-testing/regions/us-west1"
        }
    http_version: 
  recorded_at: Thu, 02 Aug 2018 01:13:57 GMT
- request:
    method: post
    uri: https://www.googleapis.com/oauth2/v4/token
    body:
      encoding: ASCII-8BIT
      string: grant_type=urn%3Aietf%3Aparams%3Aoauth%3Agrant-type%3Ajwt-bearer&assertion=eyJhbGciOiJSUzI1NiJ9.eyJpc3MiOiI0NzQ2NTAyNTk5OS1jb21wdXRlQGRldmVsb3Blci5nc2VydmljZWFjY291bnQuY29tIiwiYXVkIjoiaHR0cHM6Ly93d3cuZ29vZ2xlYXBpcy5jb20vb2F1dGgyL3Y0L3Rva2VuIiwiZXhwIjoxNTMzMTcyNDk4LCJpYXQiOjE1MzMxNzIzNzgsInNjb3BlIjoiaHR0cHM6Ly93d3cuZ29vZ2xlYXBpcy5jb20vYXV0aC9jb21wdXRlIn0.BWQCw8EE4DTYULpn3e7z4zi--ZVRL6lM3PniGgc3hdO3Vd2juJMW2rddc8aBF64_Bk6YFSz177_-8LbfUMLIquKvPSowDRwg037ywMWxUO0Cyf3sXJMTj4x3UTrBoKnwiEQBAXG1ONjTmTGbG7nzOTaRJtAX7qhE6i-eQDSV878eYiL2O3uyO83mQJpvQ21O4FEBODVHcIZiz0grXuhQZZ7z8CaRcn99vGNEG84MqPBw-ZPoABoV6IU7gS8sP8g98BOKTIhWbC_V5MfcylfU3IiHM752UIxYIfrg39kNmjONkqRfC5cBs4yhF7LeuQpkxeJvissb5wIeHUED333P7g
    headers:
      User-Agent:
      - Faraday v0.15.2
      Content-Type:
      - application/x-www-form-urlencoded
      Accept-Encoding:
      - gzip;q=1.0,deflate;q=0.6,identity;q=0.3
      Accept:
      - "*/*"
  response:
    status:
      code: 200
      message: OK
    headers:
      Cache-Control:
      - no-cache, no-store, max-age=0, must-revalidate
      Pragma:
      - no-cache
      Expires:
      - Mon, 01 Jan 1990 00:00:00 GMT
      Date:
      - Thu, 02 Aug 2018 01:13:58 GMT
      Vary:
      - Origin
      - X-Origin
      Content-Type:
      - application/json; charset=UTF-8
      X-Content-Type-Options:
      - nosniff
      X-Frame-Options:
      - SAMEORIGIN
      X-Xss-Protection:
      - 1; mode=block
      Server:
      - GSE
      Transfer-Encoding:
      - chunked
    body:
      encoding: ASCII-8BIT
      string: |
        {
         "access_token": "ya29.c.EloLBpvrEQDFKoVppWhC4DUWtcwbvsu6_UNsjY198pNhC9OSsbWlsJe9-Ehdr4OGZYGwjVvCVXDeSU3QG4W-thoRQbz-gtiEzUa-Pe_s1Il9h--r1_NUNV5BEd4",
         "token_type": "Bearer",
         "expires_in": 3600
        }
    http_version: 
  recorded_at: Thu, 02 Aug 2018 01:13:58 GMT
- request:
    method: get
    uri: https://www.googleapis.com/compute/v1/projects/personal-graphite-testing/regions/us-west1/operations/operation-1533172429169-5726986052169-eff34416-1567700e
    body:
      encoding: US-ASCII
      string: ''
    headers:
      Accept-Encoding:
      - gzip;q=1.0,deflate;q=0.6,identity;q=0.3
      Accept:
      - "*/*"
      User-Agent:
      - GooglePuppetCompute/1.0.0 Puppet/5.3.4 Ruby/2.5.0-p0 (x86_64-linux)
      Host:
      - www.googleapis.com
      Authorization:
      - Bearer ya29.c.EloLBpvrEQDFKoVppWhC4DUWtcwbvsu6_UNsjY198pNhC9OSsbWlsJe9-Ehdr4OGZYGwjVvCVXDeSU3QG4W-thoRQbz-gtiEzUa-Pe_s1Il9h--r1_NUNV5BEd4
  response:
    status:
      code: 200
      message: OK
    headers:
      Expires:
      - Thu, 02 Aug 2018 01:13:58 GMT
      Date:
      - Thu, 02 Aug 2018 01:13:58 GMT
      Cache-Control:
      - private, max-age=0, must-revalidate, no-transform
      Etag:
      - '"6qBzNcNJYVcyciQwWPrwiPuDht4=/h328CBNpW2NpqQkBrXVBFsw0fvw="'
      Vary:
      - Origin
      - X-Origin
      Content-Type:
      - application/json; charset=UTF-8
      X-Content-Type-Options:
      - nosniff
      X-Frame-Options:
      - SAMEORIGIN
      X-Xss-Protection:
      - 1; mode=block
      Server:
      - GSE
      Transfer-Encoding:
      - chunked
    body:
      encoding: ASCII-8BIT
      string: |
        {
         "kind": "compute#operation",
         "id": "4718734219349582882",
         "name": "operation-1533172429169-5726986052169-eff34416-1567700e",
         "operationType": "insert",
         "targetLink": "https://www.googleapis.com/compute/v1/projects/personal-graphite-testing/regions/us-west1/subnetworks/servers",
         "targetId": "4532361457933739042",
         "status": "RUNNING",
         "user": "47465025999-compute@developer.gserviceaccount.com",
         "progress": 0,
         "insertTime": "2018-08-01T18:13:50.032-07:00",
         "startTime": "2018-08-01T18:13:50.762-07:00",
         "selfLink": "https://www.googleapis.com/compute/v1/projects/personal-graphite-testing/regions/us-west1/operations/operation-1533172429169-5726986052169-eff34416-1567700e",
         "region": "https://www.googleapis.com/compute/v1/projects/personal-graphite-testing/regions/us-west1"
        }
    http_version: 
  recorded_at: Thu, 02 Aug 2018 01:13:58 GMT
- request:
    method: post
    uri: https://www.googleapis.com/oauth2/v4/token
    body:
      encoding: ASCII-8BIT
      string: grant_type=urn%3Aietf%3Aparams%3Aoauth%3Agrant-type%3Ajwt-bearer&assertion=eyJhbGciOiJSUzI1NiJ9.eyJpc3MiOiI0NzQ2NTAyNTk5OS1jb21wdXRlQGRldmVsb3Blci5nc2VydmljZWFjY291bnQuY29tIiwiYXVkIjoiaHR0cHM6Ly93d3cuZ29vZ2xlYXBpcy5jb20vb2F1dGgyL3Y0L3Rva2VuIiwiZXhwIjoxNTMzMTcyNDk5LCJpYXQiOjE1MzMxNzIzNzksInNjb3BlIjoiaHR0cHM6Ly93d3cuZ29vZ2xlYXBpcy5jb20vYXV0aC9jb21wdXRlIn0.mXJXmGwCr75rB_xV91XbCmBPttaXTzVgi4NOqbdNAXvcvTjOe9BQEdvT2GGsJ2dXJxHDLPMNAKfQ-r3AJgIFRzK9xm5BJWwnzbNPV7mEly-KC77QvBj2_nYmtvwiGtiSLKutZvFZqMjTRkSO9-_qTcCuQRi-C5tcu5ZJiOH-NBm0eoRMp8lDonayZBimqHJPPMaTN5tNiAaRo861Lplep__9LvvFvenevt1i4WvnaISQEvtYOlRYXr-rq-f39YfIuPyxPhuuwEUTtP5ECWdgKau2QahKVAjUSUD9uUC0fQC8e9MbLwaGrxzLNhZ6Nw_QkRcLxdGUu4M9fviyXe_j7Q
    headers:
      User-Agent:
      - Faraday v0.15.2
      Content-Type:
      - application/x-www-form-urlencoded
      Accept-Encoding:
      - gzip;q=1.0,deflate;q=0.6,identity;q=0.3
      Accept:
      - "*/*"
  response:
    status:
      code: 200
      message: OK
    headers:
      Cache-Control:
      - no-cache, no-store, max-age=0, must-revalidate
      Pragma:
      - no-cache
      Expires:
      - Mon, 01 Jan 1990 00:00:00 GMT
      Date:
      - Thu, 02 Aug 2018 01:13:59 GMT
      Vary:
      - Origin
      - X-Origin
      Content-Type:
      - application/json; charset=UTF-8
      X-Content-Type-Options:
      - nosniff
      X-Frame-Options:
      - SAMEORIGIN
      X-Xss-Protection:
      - 1; mode=block
      Server:
      - GSE
      Transfer-Encoding:
      - chunked
    body:
      encoding: ASCII-8BIT
      string: |
        {
         "access_token": "ya29.c.EloLBnCZkCX-f1frsizCHfpWuUrO71JBJicRmabw62oZqDFGdSwDyuhPYfzu1CXHbpSn5-_-OVrKviqBpijIt4K7hyO7_MBrwWMqcxYh2H32rXs1-Z0oocnxufU",
         "token_type": "Bearer",
         "expires_in": 3600
        }
    http_version: 
  recorded_at: Thu, 02 Aug 2018 01:13:59 GMT
- request:
    method: get
    uri: https://www.googleapis.com/compute/v1/projects/personal-graphite-testing/regions/us-west1/operations/operation-1533172429169-5726986052169-eff34416-1567700e
    body:
      encoding: US-ASCII
      string: ''
    headers:
      Accept-Encoding:
      - gzip;q=1.0,deflate;q=0.6,identity;q=0.3
      Accept:
      - "*/*"
      User-Agent:
      - GooglePuppetCompute/1.0.0 Puppet/5.3.4 Ruby/2.5.0-p0 (x86_64-linux)
      Host:
      - www.googleapis.com
      Authorization:
      - Bearer ya29.c.EloLBnCZkCX-f1frsizCHfpWuUrO71JBJicRmabw62oZqDFGdSwDyuhPYfzu1CXHbpSn5-_-OVrKviqBpijIt4K7hyO7_MBrwWMqcxYh2H32rXs1-Z0oocnxufU
  response:
    status:
      code: 200
      message: OK
    headers:
      Expires:
      - Thu, 02 Aug 2018 01:13:59 GMT
      Date:
      - Thu, 02 Aug 2018 01:13:59 GMT
      Cache-Control:
      - private, max-age=0, must-revalidate, no-transform
      Etag:
      - '"m8FokcLTEMmcFepjVTu3y-hrOdM=/ywt0rQjvMUE9PljP-TlrDvHlDUc="'
      Vary:
      - Origin
      - X-Origin
      Content-Type:
      - application/json; charset=UTF-8
      X-Content-Type-Options:
      - nosniff
      X-Frame-Options:
      - SAMEORIGIN
      X-Xss-Protection:
      - 1; mode=block
      Server:
      - GSE
      Transfer-Encoding:
      - chunked
    body:
      encoding: ASCII-8BIT
      string: |
        {
         "kind": "compute#operation",
         "id": "4718734219349582882",
         "name": "operation-1533172429169-5726986052169-eff34416-1567700e",
         "operationType": "insert",
         "targetLink": "https://www.googleapis.com/compute/v1/projects/personal-graphite-testing/regions/us-west1/subnetworks/servers",
         "targetId": "4532361457933739042",
         "status": "RUNNING",
         "user": "47465025999-compute@developer.gserviceaccount.com",
         "progress": 0,
         "insertTime": "2018-08-01T18:13:50.032-07:00",
         "startTime": "2018-08-01T18:13:50.762-07:00",
         "selfLink": "https://www.googleapis.com/compute/v1/projects/personal-graphite-testing/regions/us-west1/operations/operation-1533172429169-5726986052169-eff34416-1567700e",
         "region": "https://www.googleapis.com/compute/v1/projects/personal-graphite-testing/regions/us-west1"
        }
    http_version: 
  recorded_at: Thu, 02 Aug 2018 01:13:59 GMT
- request:
    method: post
    uri: https://www.googleapis.com/oauth2/v4/token
    body:
      encoding: ASCII-8BIT
      string: grant_type=urn%3Aietf%3Aparams%3Aoauth%3Agrant-type%3Ajwt-bearer&assertion=eyJhbGciOiJSUzI1NiJ9.eyJpc3MiOiI0NzQ2NTAyNTk5OS1jb21wdXRlQGRldmVsb3Blci5nc2VydmljZWFjY291bnQuY29tIiwiYXVkIjoiaHR0cHM6Ly93d3cuZ29vZ2xlYXBpcy5jb20vb2F1dGgyL3Y0L3Rva2VuIiwiZXhwIjoxNTMzMTcyNTAwLCJpYXQiOjE1MzMxNzIzODAsInNjb3BlIjoiaHR0cHM6Ly93d3cuZ29vZ2xlYXBpcy5jb20vYXV0aC9jb21wdXRlIn0.XRuNnokM7RIF1tI9-qcZz0Kn8SgPrIsEsjShVKIowPMHY-KcpG-07nQf2xk51ZS28QnOd288PEtb9frbNWQsN_twhaVEVHxncwvTojbsko9oKtzuSPNVJqn6vBgoQ8I82ue9P9-76oyW83VTHOJgp0D6V4DUWlYWDg36HNeCuK46uQGcTZN-skLPyh5dFnOlaC9I8N87YBcA1diTgjLOh_WT72PLYnt236sl15kEvniOSP2t8bgfD2X8-ebUaeY9p7vH5th3mVc1EKbggUqInWEf0kqzCDKVIytJADQNXej1fa5efLGRHK9enkeQErQ69VVU9Z5DKKCaWFuMHMec0A
    headers:
      User-Agent:
      - Faraday v0.15.2
      Content-Type:
      - application/x-www-form-urlencoded
      Accept-Encoding:
      - gzip;q=1.0,deflate;q=0.6,identity;q=0.3
      Accept:
      - "*/*"
  response:
    status:
      code: 200
      message: OK
    headers:
      Cache-Control:
      - no-cache, no-store, max-age=0, must-revalidate
      Pragma:
      - no-cache
      Expires:
      - Mon, 01 Jan 1990 00:00:00 GMT
      Date:
      - Thu, 02 Aug 2018 01:14:00 GMT
      Vary:
      - Origin
      - X-Origin
      Content-Type:
      - application/json; charset=UTF-8
      X-Content-Type-Options:
      - nosniff
      X-Frame-Options:
      - SAMEORIGIN
      X-Xss-Protection:
      - 1; mode=block
      Server:
      - GSE
      Transfer-Encoding:
      - chunked
    body:
      encoding: ASCII-8BIT
      string: |
        {
         "access_token": "ya29.c.EloLBq2s28rwS8LXa6ojhUNmzpn9Vori_uK-SbFujRvxKdCaA-zUG4wMdQsp1kGNDFeQAHKqPUy4n4PY6X_b8_yaanjnR6LlITBZa98ZDUr-rAV3GkG3uhYOA4g",
         "token_type": "Bearer",
         "expires_in": 3600
        }
    http_version: 
  recorded_at: Thu, 02 Aug 2018 01:14:00 GMT
- request:
    method: get
    uri: https://www.googleapis.com/compute/v1/projects/personal-graphite-testing/regions/us-west1/operations/operation-1533172429169-5726986052169-eff34416-1567700e
    body:
      encoding: US-ASCII
      string: ''
    headers:
      Accept-Encoding:
      - gzip;q=1.0,deflate;q=0.6,identity;q=0.3
      Accept:
      - "*/*"
      User-Agent:
      - GooglePuppetCompute/1.0.0 Puppet/5.3.4 Ruby/2.5.0-p0 (x86_64-linux)
      Host:
      - www.googleapis.com
      Authorization:
      - Bearer ya29.c.EloLBq2s28rwS8LXa6ojhUNmzpn9Vori_uK-SbFujRvxKdCaA-zUG4wMdQsp1kGNDFeQAHKqPUy4n4PY6X_b8_yaanjnR6LlITBZa98ZDUr-rAV3GkG3uhYOA4g
  response:
    status:
      code: 200
      message: OK
    headers:
      Expires:
      - Thu, 02 Aug 2018 01:14:01 GMT
      Date:
      - Thu, 02 Aug 2018 01:14:01 GMT
      Cache-Control:
      - private, max-age=0, must-revalidate, no-transform
      Etag:
      - '"hiSlVyS4CAOKkVjpiRS9c0YN0g4=/LQ9F3x3bJeTogXF9iN0TASIzDx8="'
      Vary:
      - Origin
      - X-Origin
      Content-Type:
      - application/json; charset=UTF-8
      X-Content-Type-Options:
      - nosniff
      X-Frame-Options:
      - SAMEORIGIN
      X-Xss-Protection:
      - 1; mode=block
      Server:
      - GSE
      Transfer-Encoding:
      - chunked
    body:
      encoding: ASCII-8BIT
      string: |
        {
         "kind": "compute#operation",
         "id": "4718734219349582882",
         "name": "operation-1533172429169-5726986052169-eff34416-1567700e",
         "operationType": "insert",
         "targetLink": "https://www.googleapis.com/compute/v1/projects/personal-graphite-testing/regions/us-west1/subnetworks/servers",
         "targetId": "4532361457933739042",
         "status": "RUNNING",
         "user": "47465025999-compute@developer.gserviceaccount.com",
         "progress": 0,
         "insertTime": "2018-08-01T18:13:50.032-07:00",
         "startTime": "2018-08-01T18:13:50.762-07:00",
         "selfLink": "https://www.googleapis.com/compute/v1/projects/personal-graphite-testing/regions/us-west1/operations/operation-1533172429169-5726986052169-eff34416-1567700e",
         "region": "https://www.googleapis.com/compute/v1/projects/personal-graphite-testing/regions/us-west1"
        }
    http_version: 
  recorded_at: Thu, 02 Aug 2018 01:14:01 GMT
- request:
    method: post
    uri: https://www.googleapis.com/oauth2/v4/token
    body:
      encoding: ASCII-8BIT
      string: grant_type=urn%3Aietf%3Aparams%3Aoauth%3Agrant-type%3Ajwt-bearer&assertion=eyJhbGciOiJSUzI1NiJ9.eyJpc3MiOiI0NzQ2NTAyNTk5OS1jb21wdXRlQGRldmVsb3Blci5nc2VydmljZWFjY291bnQuY29tIiwiYXVkIjoiaHR0cHM6Ly93d3cuZ29vZ2xlYXBpcy5jb20vb2F1dGgyL3Y0L3Rva2VuIiwiZXhwIjoxNTMzMTcyNTAyLCJpYXQiOjE1MzMxNzIzODIsInNjb3BlIjoiaHR0cHM6Ly93d3cuZ29vZ2xlYXBpcy5jb20vYXV0aC9jb21wdXRlIn0.HumdcDi6TeGPhnqFOLDosPlk3TeRsSUMNBRHH77OFY6XYgcAqCg25cwnNbtd1qnRAv2UsBYvaTG3YDIWmCgTA_P6YYGcRB7tNMP0wMwAsFPqlk8Nie1CN0hbEH9vxQOuJrU8oeF1EiZTNDTjtO4MmYp4lMsQfpoCwfxcQfkPo_EaZi49hJD6nb889B1rjwWt5t8C6E8VRrcn61-vx3KIzGZRI2eXjYKenYPSNSWgiTeBu0xwdim7Rr9jJSqe-_QO-0PHQc08de1t16gCq5uYNCFmdxJrqkjX-0nfXQfjlqC6ZCtuTu4-XTHqd1d1SzikGzrXwsMJg42cOmzXgDa1lw
    headers:
      User-Agent:
      - Faraday v0.15.2
      Content-Type:
      - application/x-www-form-urlencoded
      Accept-Encoding:
      - gzip;q=1.0,deflate;q=0.6,identity;q=0.3
      Accept:
      - "*/*"
  response:
    status:
      code: 200
      message: OK
    headers:
      Cache-Control:
      - no-cache, no-store, max-age=0, must-revalidate
      Pragma:
      - no-cache
      Expires:
      - Mon, 01 Jan 1990 00:00:00 GMT
      Date:
      - Thu, 02 Aug 2018 01:14:02 GMT
      Vary:
      - Origin
      - X-Origin
      Content-Type:
      - application/json; charset=UTF-8
      X-Content-Type-Options:
      - nosniff
      X-Frame-Options:
      - SAMEORIGIN
      X-Xss-Protection:
      - 1; mode=block
      Server:
      - GSE
      Transfer-Encoding:
      - chunked
    body:
      encoding: ASCII-8BIT
      string: |
        {
         "access_token": "ya29.c.EloLBg_NU0v_wCP0e8oVhHWK7iEDCriQ-Nux8duSQ-KQRAPyL0xcSvtl56XF3hS_IlwUv59lm0N8hdkEBJKFwFN1TiBJSUSv0tuUpV0SKN3FyC9Yx6Kx5h8kLvI",
         "token_type": "Bearer",
         "expires_in": 3600
        }
    http_version: 
  recorded_at: Thu, 02 Aug 2018 01:14:02 GMT
- request:
    method: get
    uri: https://www.googleapis.com/compute/v1/projects/personal-graphite-testing/regions/us-west1/operations/operation-1533172429169-5726986052169-eff34416-1567700e
    body:
      encoding: US-ASCII
      string: ''
    headers:
      Accept-Encoding:
      - gzip;q=1.0,deflate;q=0.6,identity;q=0.3
      Accept:
      - "*/*"
      User-Agent:
      - GooglePuppetCompute/1.0.0 Puppet/5.3.4 Ruby/2.5.0-p0 (x86_64-linux)
      Host:
      - www.googleapis.com
      Authorization:
      - Bearer ya29.c.EloLBg_NU0v_wCP0e8oVhHWK7iEDCriQ-Nux8duSQ-KQRAPyL0xcSvtl56XF3hS_IlwUv59lm0N8hdkEBJKFwFN1TiBJSUSv0tuUpV0SKN3FyC9Yx6Kx5h8kLvI
  response:
    status:
      code: 200
      message: OK
    headers:
      Expires:
      - Thu, 02 Aug 2018 01:14:02 GMT
      Date:
      - Thu, 02 Aug 2018 01:14:02 GMT
      Cache-Control:
      - private, max-age=0, must-revalidate, no-transform
      Etag:
      - '"BgvGd-CcE6XD9ZnFYqGvxABIxLs=/gg3CqH4A3vQS7ZC4B8QgZe7lTPg="'
      Vary:
      - Origin
      - X-Origin
      Content-Type:
      - application/json; charset=UTF-8
      X-Content-Type-Options:
      - nosniff
      X-Frame-Options:
      - SAMEORIGIN
      X-Xss-Protection:
      - 1; mode=block
      Server:
      - GSE
      Transfer-Encoding:
      - chunked
    body:
      encoding: ASCII-8BIT
      string: |
        {
         "kind": "compute#operation",
         "id": "4718734219349582882",
         "name": "operation-1533172429169-5726986052169-eff34416-1567700e",
         "operationType": "insert",
         "targetLink": "https://www.googleapis.com/compute/v1/projects/personal-graphite-testing/regions/us-west1/subnetworks/servers",
         "targetId": "4532361457933739042",
         "status": "RUNNING",
         "user": "47465025999-compute@developer.gserviceaccount.com",
         "progress": 0,
         "insertTime": "2018-08-01T18:13:50.032-07:00",
         "startTime": "2018-08-01T18:13:50.762-07:00",
         "selfLink": "https://www.googleapis.com/compute/v1/projects/personal-graphite-testing/regions/us-west1/operations/operation-1533172429169-5726986052169-eff34416-1567700e",
         "region": "https://www.googleapis.com/compute/v1/projects/personal-graphite-testing/regions/us-west1"
        }
    http_version: 
  recorded_at: Thu, 02 Aug 2018 01:14:02 GMT
- request:
    method: post
    uri: https://www.googleapis.com/oauth2/v4/token
    body:
      encoding: ASCII-8BIT
      string: grant_type=urn%3Aietf%3Aparams%3Aoauth%3Agrant-type%3Ajwt-bearer&assertion=eyJhbGciOiJSUzI1NiJ9.eyJpc3MiOiI0NzQ2NTAyNTk5OS1jb21wdXRlQGRldmVsb3Blci5nc2VydmljZWFjY291bnQuY29tIiwiYXVkIjoiaHR0cHM6Ly93d3cuZ29vZ2xlYXBpcy5jb20vb2F1dGgyL3Y0L3Rva2VuIiwiZXhwIjoxNTMzMTcyNTAzLCJpYXQiOjE1MzMxNzIzODMsInNjb3BlIjoiaHR0cHM6Ly93d3cuZ29vZ2xlYXBpcy5jb20vYXV0aC9jb21wdXRlIn0.woVMIpL1OO5rrbyosBOFylUD7KklLJDA0PyP6QskkRPJM1TpkzRaIOpfw8shqc8YDRv4aCg7-rqlZdW3HoRKmUDdmMg-iwr_A4R_SY6tfxhtEp04NkLW0pmxfnZIpf9zLt4-me4ED9RdbJqXZD-MJgF-JFAGxD08CKWA5Fal9CmCIbm2ZykgR8uHXcIlpL9eP04C5sri6Y1X951heGRxfuxH_pT6-Wmtu7m8JI70o8xHXSxcnZj78jngOubgIm_HXusmsqyUb64xn-DIy1HnITySVIFcLpHYo29D9M_meASn3a7RLkcy2uMOXKdNA-Yfcp4KvTiLtjGCXmyP9KMzkg
    headers:
      User-Agent:
      - Faraday v0.15.2
      Content-Type:
      - application/x-www-form-urlencoded
      Accept-Encoding:
      - gzip;q=1.0,deflate;q=0.6,identity;q=0.3
      Accept:
      - "*/*"
  response:
    status:
      code: 200
      message: OK
    headers:
      Cache-Control:
      - no-cache, no-store, max-age=0, must-revalidate
      Pragma:
      - no-cache
      Expires:
      - Mon, 01 Jan 1990 00:00:00 GMT
      Date:
      - Thu, 02 Aug 2018 01:14:03 GMT
      Vary:
      - Origin
      - X-Origin
      Content-Type:
      - application/json; charset=UTF-8
      X-Content-Type-Options:
      - nosniff
      X-Frame-Options:
      - SAMEORIGIN
      X-Xss-Protection:
      - 1; mode=block
      Server:
      - GSE
      Transfer-Encoding:
      - chunked
    body:
      encoding: ASCII-8BIT
      string: |
        {
         "access_token": "ya29.c.EloLBrp3pUxngZOxhSK5BKv7GYOGQT3zAwwWjOogKgo7uGIe02XgjBGWLbM6jldiXDhT24biA8EsfIRV_ZngIY6DKV9yS7EpnC2S0wcu6z4C57xqooClWb143Y0",
         "token_type": "Bearer",
         "expires_in": 3600
        }
    http_version: 
  recorded_at: Thu, 02 Aug 2018 01:14:03 GMT
- request:
    method: get
    uri: https://www.googleapis.com/compute/v1/projects/personal-graphite-testing/regions/us-west1/operations/operation-1533172429169-5726986052169-eff34416-1567700e
    body:
      encoding: US-ASCII
      string: ''
    headers:
      Accept-Encoding:
      - gzip;q=1.0,deflate;q=0.6,identity;q=0.3
      Accept:
      - "*/*"
      User-Agent:
      - GooglePuppetCompute/1.0.0 Puppet/5.3.4 Ruby/2.5.0-p0 (x86_64-linux)
      Host:
      - www.googleapis.com
      Authorization:
      - Bearer ya29.c.EloLBrp3pUxngZOxhSK5BKv7GYOGQT3zAwwWjOogKgo7uGIe02XgjBGWLbM6jldiXDhT24biA8EsfIRV_ZngIY6DKV9yS7EpnC2S0wcu6z4C57xqooClWb143Y0
  response:
    status:
      code: 200
      message: OK
    headers:
      Expires:
      - Thu, 02 Aug 2018 01:14:03 GMT
      Date:
      - Thu, 02 Aug 2018 01:14:03 GMT
      Cache-Control:
      - private, max-age=0, must-revalidate, no-transform
      Etag:
      - '"7LM02Mya7OhYUbCVtapPIbtpWhQ=/79LNLzt87oDBzsUqldStV2V53kk="'
      Vary:
      - Origin
      - X-Origin
      Content-Type:
      - application/json; charset=UTF-8
      X-Content-Type-Options:
      - nosniff
      X-Frame-Options:
      - SAMEORIGIN
      X-Xss-Protection:
      - 1; mode=block
      Server:
      - GSE
      Transfer-Encoding:
      - chunked
    body:
      encoding: ASCII-8BIT
      string: |
        {
         "kind": "compute#operation",
         "id": "4718734219349582882",
         "name": "operation-1533172429169-5726986052169-eff34416-1567700e",
         "operationType": "insert",
         "targetLink": "https://www.googleapis.com/compute/v1/projects/personal-graphite-testing/regions/us-west1/subnetworks/servers",
         "targetId": "4532361457933739042",
         "status": "RUNNING",
         "user": "47465025999-compute@developer.gserviceaccount.com",
         "progress": 0,
         "insertTime": "2018-08-01T18:13:50.032-07:00",
         "startTime": "2018-08-01T18:13:50.762-07:00",
         "selfLink": "https://www.googleapis.com/compute/v1/projects/personal-graphite-testing/regions/us-west1/operations/operation-1533172429169-5726986052169-eff34416-1567700e",
         "region": "https://www.googleapis.com/compute/v1/projects/personal-graphite-testing/regions/us-west1"
        }
    http_version: 
  recorded_at: Thu, 02 Aug 2018 01:14:03 GMT
- request:
    method: post
    uri: https://www.googleapis.com/oauth2/v4/token
    body:
      encoding: ASCII-8BIT
      string: grant_type=urn%3Aietf%3Aparams%3Aoauth%3Agrant-type%3Ajwt-bearer&assertion=eyJhbGciOiJSUzI1NiJ9.eyJpc3MiOiI0NzQ2NTAyNTk5OS1jb21wdXRlQGRldmVsb3Blci5nc2VydmljZWFjY291bnQuY29tIiwiYXVkIjoiaHR0cHM6Ly93d3cuZ29vZ2xlYXBpcy5jb20vb2F1dGgyL3Y0L3Rva2VuIiwiZXhwIjoxNTMzMTcyNTA0LCJpYXQiOjE1MzMxNzIzODQsInNjb3BlIjoiaHR0cHM6Ly93d3cuZ29vZ2xlYXBpcy5jb20vYXV0aC9jb21wdXRlIn0.YabU_GZ8IPSyMuBy6Eiv2Ua9e80xTiBQoNpNd6mv3J3LMVYLmKXarj2GEl1qPHaneunml0XEpnwd2ha9bO8re1f8hZK8HqvIOA_6pLvxHk4Aa3Ub4bn3J7G0VuOTy-7BC9M_qrm16G1ck3yrNo27sWfzP_L52uGG0zYrJLeLkuYVyc31ENyOSzUrS7pgHVgJowEw4EPcTZ-AYjm_-aSfSNANS53TzUV2S8w8dk5sNOFCFVyqujDuoy2aJHnkNOFcBB-yPoq_sz1PfJsvqDw3V8TnJjo4IdB4p730nk4HbFAjC9FCh9UiiFy7csb4KkPyer1b3DOGThVnexWnkrIoHg
    headers:
      User-Agent:
      - Faraday v0.15.2
      Content-Type:
      - application/x-www-form-urlencoded
      Accept-Encoding:
      - gzip;q=1.0,deflate;q=0.6,identity;q=0.3
      Accept:
      - "*/*"
  response:
    status:
      code: 200
      message: OK
    headers:
      Content-Type:
      - application/json; charset=utf-8
      Vary:
      - Origin
      - Referer
      - X-Origin
      Date:
      - Thu, 02 Aug 2018 01:14:04 GMT
      Server:
      - ESF
      Cache-Control:
      - private
      X-Xss-Protection:
      - 1; mode=block
      X-Frame-Options:
      - SAMEORIGIN
      X-Content-Type-Options:
      - nosniff
      Transfer-Encoding:
      - chunked
    body:
      encoding: ASCII-8BIT
      string: |-
        {
          "access_token": "ya29.c.EloLBq3DlyXAKGPkGyqtJ3OTeqLlRECFkIXY3y5xA5qwPpEDuorjqkSj6T4Z3rAUCj8RUkRKyNiQ5XVzVkpG_1pyyxt252AG-7asudAqwOAruaiNHnAIdAQfpYE",
          "expires_in": 3600,
          "token_type": "Bearer"
        }
    http_version: 
  recorded_at: Thu, 02 Aug 2018 01:14:04 GMT
- request:
    method: get
    uri: https://www.googleapis.com/compute/v1/projects/personal-graphite-testing/regions/us-west1/operations/operation-1533172429169-5726986052169-eff34416-1567700e
    body:
      encoding: US-ASCII
      string: ''
    headers:
      Accept-Encoding:
      - gzip;q=1.0,deflate;q=0.6,identity;q=0.3
      Accept:
      - "*/*"
      User-Agent:
      - GooglePuppetCompute/1.0.0 Puppet/5.3.4 Ruby/2.5.0-p0 (x86_64-linux)
      Host:
      - www.googleapis.com
      Authorization:
      - Bearer ya29.c.EloLBq3DlyXAKGPkGyqtJ3OTeqLlRECFkIXY3y5xA5qwPpEDuorjqkSj6T4Z3rAUCj8RUkRKyNiQ5XVzVkpG_1pyyxt252AG-7asudAqwOAruaiNHnAIdAQfpYE
  response:
    status:
      code: 200
      message: OK
    headers:
      Expires:
      - Thu, 02 Aug 2018 01:14:04 GMT
      Date:
      - Thu, 02 Aug 2018 01:14:04 GMT
      Cache-Control:
      - private, max-age=0, must-revalidate, no-transform
      Etag:
      - '"roVhVQoRaCLHeRfl2bcZMx15gNI=/a-Uwj3pK7dVWpT9dfurRsyogFtY="'
      Vary:
      - Origin
      - X-Origin
      Content-Type:
      - application/json; charset=UTF-8
      X-Content-Type-Options:
      - nosniff
      X-Frame-Options:
      - SAMEORIGIN
      X-Xss-Protection:
      - 1; mode=block
      Server:
      - GSE
      Transfer-Encoding:
      - chunked
    body:
      encoding: ASCII-8BIT
      string: |
        {
         "kind": "compute#operation",
         "id": "4718734219349582882",
         "name": "operation-1533172429169-5726986052169-eff34416-1567700e",
         "operationType": "insert",
         "targetLink": "https://www.googleapis.com/compute/v1/projects/personal-graphite-testing/regions/us-west1/subnetworks/servers",
         "targetId": "4532361457933739042",
         "status": "DONE",
         "user": "47465025999-compute@developer.gserviceaccount.com",
         "progress": 100,
         "insertTime": "2018-08-01T18:13:50.032-07:00",
         "startTime": "2018-08-01T18:13:50.762-07:00",
         "endTime": "2018-08-01T18:14:03.704-07:00",
         "selfLink": "https://www.googleapis.com/compute/v1/projects/personal-graphite-testing/regions/us-west1/operations/operation-1533172429169-5726986052169-eff34416-1567700e",
         "region": "https://www.googleapis.com/compute/v1/projects/personal-graphite-testing/regions/us-west1"
        }
    http_version: 
  recorded_at: Thu, 02 Aug 2018 01:14:04 GMT
- request:
    method: post
    uri: https://www.googleapis.com/oauth2/v4/token
    body:
      encoding: ASCII-8BIT
      string: grant_type=urn%3Aietf%3Aparams%3Aoauth%3Agrant-type%3Ajwt-bearer&assertion=eyJhbGciOiJSUzI1NiJ9.eyJpc3MiOiI0NzQ2NTAyNTk5OS1jb21wdXRlQGRldmVsb3Blci5nc2VydmljZWFjY291bnQuY29tIiwiYXVkIjoiaHR0cHM6Ly93d3cuZ29vZ2xlYXBpcy5jb20vb2F1dGgyL3Y0L3Rva2VuIiwiZXhwIjoxNTMzMTcyNTA0LCJpYXQiOjE1MzMxNzIzODQsInNjb3BlIjoiaHR0cHM6Ly93d3cuZ29vZ2xlYXBpcy5jb20vYXV0aC9jb21wdXRlIn0.YabU_GZ8IPSyMuBy6Eiv2Ua9e80xTiBQoNpNd6mv3J3LMVYLmKXarj2GEl1qPHaneunml0XEpnwd2ha9bO8re1f8hZK8HqvIOA_6pLvxHk4Aa3Ub4bn3J7G0VuOTy-7BC9M_qrm16G1ck3yrNo27sWfzP_L52uGG0zYrJLeLkuYVyc31ENyOSzUrS7pgHVgJowEw4EPcTZ-AYjm_-aSfSNANS53TzUV2S8w8dk5sNOFCFVyqujDuoy2aJHnkNOFcBB-yPoq_sz1PfJsvqDw3V8TnJjo4IdB4p730nk4HbFAjC9FCh9UiiFy7csb4KkPyer1b3DOGThVnexWnkrIoHg
    headers:
      User-Agent:
      - Faraday v0.15.2
      Content-Type:
      - application/x-www-form-urlencoded
      Accept-Encoding:
      - gzip;q=1.0,deflate;q=0.6,identity;q=0.3
      Accept:
      - "*/*"
  response:
    status:
      code: 200
      message: OK
    headers:
      Cache-Control:
      - no-cache, no-store, max-age=0, must-revalidate
      Pragma:
      - no-cache
      Expires:
      - Mon, 01 Jan 1990 00:00:00 GMT
      Date:
      - Thu, 02 Aug 2018 01:14:04 GMT
      Vary:
      - Origin
      - X-Origin
      Content-Type:
      - application/json; charset=UTF-8
      X-Content-Type-Options:
      - nosniff
      X-Frame-Options:
      - SAMEORIGIN
      X-Xss-Protection:
      - 1; mode=block
      Server:
      - GSE
      Transfer-Encoding:
      - chunked
    body:
      encoding: ASCII-8BIT
      string: |
        {
         "access_token": "ya29.c.EloLBq3DlyXAKGPkGyqtJ3OTeqLlRECFkIXY3y5xA5qwPpEDuorjqkSj6T4Z3rAUCj8RUkRKyNiQ5XVzVkpG_1pyyxt252AG-7asudAqwOAruaiNHnAIdAQfpYE",
         "token_type": "Bearer",
         "expires_in": 3600
        }
    http_version: 
  recorded_at: Thu, 02 Aug 2018 01:14:04 GMT
- request:
    method: get
    uri: https://www.googleapis.com/compute/v1/projects/personal-graphite-testing/regions/us-west1/subnetworks/servers
    body:
      encoding: US-ASCII
      string: ''
    headers:
      Accept-Encoding:
      - gzip;q=1.0,deflate;q=0.6,identity;q=0.3
      Accept:
      - "*/*"
      User-Agent:
      - GooglePuppetCompute/1.0.0 Puppet/5.3.4 Ruby/2.5.0-p0 (x86_64-linux)
      Host:
      - www.googleapis.com
      Authorization:
      - Bearer ya29.c.EloLBq3DlyXAKGPkGyqtJ3OTeqLlRECFkIXY3y5xA5qwPpEDuorjqkSj6T4Z3rAUCj8RUkRKyNiQ5XVzVkpG_1pyyxt252AG-7asudAqwOAruaiNHnAIdAQfpYE
  response:
    status:
      code: 200
      message: OK
    headers:
      Expires:
      - Thu, 02 Aug 2018 01:14:04 GMT
      Date:
      - Thu, 02 Aug 2018 01:14:04 GMT
      Cache-Control:
      - private, max-age=0, must-revalidate, no-transform
      Etag:
      - '"_vx2UnbstxoT73SMMEnD5nWdNdI=/7H3n2dhJbeifApAHIZ44ZOyt9q8="'
      Vary:
      - Origin
      - X-Origin
      Content-Type:
      - application/json; charset=UTF-8
      X-Content-Type-Options:
      - nosniff
      X-Frame-Options:
      - SAMEORIGIN
      X-Xss-Protection:
      - 1; mode=block
      Server:
      - GSE
      Transfer-Encoding:
      - chunked
    body:
      encoding: ASCII-8BIT
      string: |
        {
         "kind": "compute#subnetwork",
         "id": "4532361457933739042",
         "creationTimestamp": "2018-08-01T18:13:50.025-07:00",
         "name": "servers",
         "network": "https://www.googleapis.com/compute/v1/projects/personal-graphite-testing/global/networks/mynetwork-subnetwork",
         "ipCidrRange": "172.16.0.0/16",
         "gatewayAddress": "172.16.0.1",
         "region": "https://www.googleapis.com/compute/v1/projects/personal-graphite-testing/regions/us-west1",
         "selfLink": "https://www.googleapis.com/compute/v1/projects/personal-graphite-testing/regions/us-west1/subnetworks/servers",
         "privateIpGoogleAccess": false,
         "fingerprint": "f5Ax_7tVJVI="
        }
    http_version: 
  recorded_at: Thu, 02 Aug 2018 01:14:04 GMT
recorded_with: VCR 4.0.0
